Product: MDK-ARM Standard 5.10
Component: ARM Compiler 5.04 update 1 (build 49)
Tool: armlink [5040049]

==============================================================================

Section Cross References

    system_stm32f10x.o(.text) refers to system_stm32f10x.o(.data) for SystemCoreClock
    delay.o(.text) refers to misc.o(.text) for SysTick_CLKSourceConfig
    delay.o(.text) refers to delay.o(.data) for fac_us
    hmc5883l.o(.text) refers to i2c.o(.text) for I2C_Start2
    hmc5883l.o(.text) refers to fflti.o(.text) for __aeabi_i2f
    hmc5883l.o(.text) refers to hmc5883l.o(.bss) for HMC5883_FIFO
    hmc5883l.o(.text) refers to hmc5883l.o(.data) for HMC5883_lastx
    i2c.o(.text) refers to stm32f10x_gpio.o(.text) for GPIO_Init
    i2c.o(.text) refers to delay.o(.text) for delay_us
    imu.o(.text) refers to fmul.o(.text) for __aeabi_fmul
    imu.o(.text) refers to fadd.o(.text) for __aeabi_frsub
    imu.o(.text) refers to mpu6050.o(.text) for MPU6050_Init
    imu.o(.text) refers to hmc5883l.o(.text) for Init_HMC5883L
    imu.o(.text) refers to delay.o(.text) for delay_ms
    imu.o(.text) refers to fflti.o(.text) for __aeabi_i2f
    imu.o(.text) refers to fdiv.o(.text) for __aeabi_fdiv
    imu.o(.text) refers to f2d.o(.text) for __aeabi_f2d
    imu.o(.text) refers to sqrt.o(i.sqrt) for sqrt
    imu.o(.text) refers to imu.o(.data) for q0
    imu.o(.text) refers to imu.o(.bss) for lastacc
    imu.o(.text) refers to d2f.o(.text) for __aeabi_d2f
    imu.o(.text) refers to dadd.o(.text) for __aeabi_drsub
    imu.o(.text) refers to dmul.o(.text) for __aeabi_dmul
    imu.o(.text) refers to cfcmple.o(.text) for __aeabi_cfcmpeq
    imu.o(.text) refers to ddiv.o(.text) for __aeabi_ddiv
    imu.o(.text) refers to atan.o(i.atan) for atan
    imu.o(.text) refers to asin.o(i.asin) for asin
    imu.o(.text) refers to pid.o(.bss) for mygetqval
    imu.o(.text) refers to atan2.o(i.atan2) for atan2
    imu.o(.text) refers to cfrcmple.o(.text) for __aeabi_cfrcmple
    mpu6050.o(.text) refers to i2c.o(.text) for I2C_Start
    mpu6050.o(.text) refers to dflti.o(.text) for __aeabi_i2d
    mpu6050.o(.text) refers to ddiv.o(.text) for __aeabi_ddiv
    mpu6050.o(.text) refers to dadd.o(.text) for __aeabi_dsub
    mpu6050.o(.text) refers to dfixi.o(.text) for __aeabi_d2iz
    mpu6050.o(.text) refers to delay.o(.text) for delay_us
    mpu6050.o(.text) refers to mpu6050.o(.bss) for MPU6050_FIFO
    mpu6050.o(.text) refers to mpu6050.o(.data) for MPU6050_Lastax
    pwm.o(.text) refers to stm32f10x_rcc.o(.text) for RCC_APB1PeriphClockCmd
    pwm.o(.text) refers to stm32f10x_gpio.o(.text) for GPIO_Init
    pwm.o(.text) refers to stm32f10x_tim.o(.text) for TIM_TimeBaseInit
    usart.o(.text) refers to system_stm32f10x.o(.text) for SystemInit
    usart.o(.text) refers to stm32f10x_rcc.o(.text) for RCC_APB2PeriphClockCmd
    usart.o(.text) refers to delay.o(.text) for delay_ms
    usart.o(.text) refers to stm32f10x_gpio.o(.text) for GPIO_Init
    usart.o(.text) refers to misc.o(.text) for NVIC_PriorityGroupConfig
    usart.o(.text) refers to stm32f10x_usart.o(.text) for USART_Init
    pid.o(.text) refers to fadd.o(.text) for __aeabi_fsub
    pid.o(.text) refers to fmul.o(.text) for __aeabi_fmul
    pid.o(.text) refers to cfrcmple.o(.text) for __aeabi_cfrcmple
    pid.o(.text) refers to f2d.o(.text) for __aeabi_f2d
    pid.o(.text) refers to cdrcmple.o(.text) for __aeabi_cdrcmple
    pid.o(.text) refers to dmul.o(.text) for __aeabi_dmul
    pid.o(.text) refers to dadd.o(.text) for __aeabi_dsub
    pid.o(.text) refers to d2f.o(.text) for __aeabi_d2f
    pid.o(.text) refers to fflti.o(.text) for __aeabi_i2f
    pid.o(.text) refers to fdiv.o(.text) for __aeabi_fdiv
    pid.o(.text) refers to ffltui.o(.text) for __aeabi_ui2f
    pid.o(.text) refers to cfcmple.o(.text) for __aeabi_cfcmple
    pid.o(.text) refers to ffixi.o(.text) for __aeabi_f2iz
    pid.o(.text) refers to pid.o(.data) for lastoutput
    pid.o(.text) refers to pid.o(.bss) for pidRoll
    led.o(.text) refers to stm32f10x_rcc.o(.text) for RCC_APB2PeriphClockCmd
    led.o(.text) refers to stm32f10x_gpio.o(.text) for GPIO_Init
    spi_nrf.o(.text) refers to stm32f10x_rcc.o(.text) for RCC_APB2PeriphClockCmd
    spi_nrf.o(.text) refers to stm32f10x_gpio.o(.text) for GPIO_Init
    spi_nrf.o(.text) refers to stm32f10x_spi.o(.text) for SPI_Init
    spi_nrf.o(.text) refers to spi_nrf.o(.data) for RX_ADDRESS
    timer.o(.text) refers to stm32f10x_rcc.o(.text) for RCC_APB1PeriphClockCmd
    timer.o(.text) refers to misc.o(.text) for NVIC_PriorityGroupConfig
    timer.o(.text) refers to stm32f10x_tim.o(.text) for TIM_TimeBaseInit
    timer.o(.text) refers to main.o(.data) for cnt_2ms
    stm32f10x_gpio.o(.text) refers to stm32f10x_rcc.o(.text) for RCC_APB2PeriphResetCmd
    stm32f10x_i2c.o(.text) refers to stm32f10x_rcc.o(.text) for RCC_APB1PeriphResetCmd
    stm32f10x_rcc.o(.text) refers to stm32f10x_rcc.o(.data) for APBAHBPrescTable
    stm32f10x_tim.o(.text) refers to stm32f10x_rcc.o(.text) for RCC_APB2PeriphResetCmd
    stm32f10x_usart.o(.text) refers to stm32f10x_rcc.o(.text) for RCC_APB2PeriphResetCmd
    stm32f10x_spi.o(.text) refers to stm32f10x_rcc.o(.text) for RCC_APB2PeriphResetCmd
    main.o(.text) refers to fmul.o(.text) for __aeabi_fmul
    main.o(.text) refers to ffixi.o(.text) for __aeabi_f2iz
    main.o(.text) refers to usart.o(.text) for USART1_Putc
    main.o(.text) refers to system_stm32f10x.o(.text) for SystemInit
    main.o(.text) refers to delay.o(.text) for delay_init
    main.o(.text) refers to i2c.o(.text) for Init_I2C
    main.o(.text) refers to spi_nrf.o(.text) for SPI_NRF_Init
    main.o(.text) refers to pwm.o(.text) for TIM2_PWM_Init
    main.o(.text) refers to imu.o(.text) for IMU_init
    main.o(.text) refers to stm32f10x_gpio.o(.text) for GPIO_PinRemapConfig
    main.o(.text) refers to led.o(.text) for LED_GPIO_Config
    main.o(.text) refers to timer.o(.text) for TIM3_Config
    main.o(.text) refers to pid.o(.text) for PID_controllerInit
    main.o(.text) refers to ffltui.o(.text) for __aeabi_ui2f
    main.o(.text) refers to fadd.o(.text) for __aeabi_fadd
    main.o(.text) refers to ffixui.o(.text) for __aeabi_f2uiz
    main.o(.text) refers to main.o(.data) for status
    main.o(.text) refers to main.o(.bss) for rxbuf
    startup_stm32f10x_md.o(RESET) refers to startup_stm32f10x_md.o(STACK) for __initial_sp
    startup_stm32f10x_md.o(RESET) refers to startup_stm32f10x_md.o(.text) for Reset_Handler
    startup_stm32f10x_md.o(RESET) refers to stm32f10x_it.o(.text) for NMI_Handler
    startup_stm32f10x_md.o(RESET) refers to timer.o(.text) for TIM3_IRQHandler
    startup_stm32f10x_md.o(RESET) refers to usart.o(.text) for USART1_IRQHandler
    startup_stm32f10x_md.o(.text) refers to system_stm32f10x.o(.text) for SystemInit
    startup_stm32f10x_md.o(.text) refers to entry.o(.ARM.Collect$$$$00000000) for __main
    asin.o(i.__softfp_asin) refers (Special) to iusefp.o(.text) for __I$use$fp
    asin.o(i.__softfp_asin) refers to asin.o(i.asin) for asin
    asin.o(i.asin) refers (Special) to iusefp.o(.text) for __I$use$fp
    asin.o(i.asin) refers to dscalb.o(.text) for __ARM_scalbn
    asin.o(i.asin) refers to dmul.o(.text) for __aeabi_dmul
    asin.o(i.asin) refers to dadd.o(.text) for __aeabi_dadd
    asin.o(i.asin) refers to errno.o(i.__set_errno) for __set_errno
    asin.o(i.asin) refers to ddiv.o(.text) for __aeabi_ddiv
    asin.o(i.asin) refers to fpclassify.o(i.__ARM_fpclassify) for __ARM_fpclassify
    asin.o(i.asin) refers to dunder.o(i.__mathlib_dbl_underflow) for __mathlib_dbl_underflow
    asin.o(i.asin) refers to poly.o(i.__kernel_poly) for __kernel_poly
    asin.o(i.asin) refers to sqrt.o(i.sqrt) for sqrt
    asin.o(i.asin) refers to asin.o(.constdata) for .constdata
    asin.o(.constdata) refers (Special) to iusefp.o(.text) for __I$use$fp
    asin_x.o(i.____softfp_asin$lsc) refers (Special) to iusefp.o(.text) for __I$use$fp
    asin_x.o(i.____softfp_asin$lsc) refers to asin_x.o(i.__asin$lsc) for __asin$lsc
    asin_x.o(i.__asin$lsc) refers (Special) to iusefp.o(.text) for __I$use$fp
    asin_x.o(i.__asin$lsc) refers to dscalb.o(.text) for __ARM_scalbn
    asin_x.o(i.__asin$lsc) refers to dmul.o(.text) for __aeabi_dmul
    asin_x.o(i.__asin$lsc) refers to dadd.o(.text) for __aeabi_dadd
    asin_x.o(i.__asin$lsc) refers to errno.o(i.__set_errno) for __set_errno
    asin_x.o(i.__asin$lsc) refers to poly.o(i.__kernel_poly) for __kernel_poly
    asin_x.o(i.__asin$lsc) refers to ddiv.o(.text) for __aeabi_ddiv
    asin_x.o(i.__asin$lsc) refers to sqrt.o(i.sqrt) for sqrt
    asin_x.o(i.__asin$lsc) refers to asin_x.o(.constdata) for .constdata
    asin_x.o(.constdata) refers (Special) to iusefp.o(.text) for __I$use$fp
    atan.o(i.__softfp_atan) refers (Special) to iusefp.o(.text) for __I$use$fp
    atan.o(i.__softfp_atan) refers to atan.o(i.atan) for atan
    atan.o(i.atan) refers (Special) to iusefp.o(.text) for __I$use$fp
    atan.o(i.atan) refers to dscalb.o(.text) for __ARM_scalbn
    atan.o(i.atan) refers to fpclassify.o(i.__ARM_fpclassify) for __ARM_fpclassify
    atan.o(i.atan) refers to dunder.o(i.__mathlib_dbl_underflow) for __mathlib_dbl_underflow
    atan.o(i.atan) refers to dadd.o(.text) for __aeabi_dadd
    atan.o(i.atan) refers to ddiv.o(.text) for __aeabi_ddiv
    atan.o(i.atan) refers to dmul.o(.text) for __aeabi_dmul
    atan.o(i.atan) refers to poly.o(i.__kernel_poly) for __kernel_poly
    atan.o(i.atan) refers to atan.o(.constdata) for .constdata
    atan.o(.constdata) refers (Special) to iusefp.o(.text) for __I$use$fp
    atan_x.o(i.____softfp_atan$lsc) refers (Special) to iusefp.o(.text) for __I$use$fp
    atan_x.o(i.____softfp_atan$lsc) refers to atan_x.o(i.__atan$lsc) for __atan$lsc
    atan_x.o(i.__atan$lsc) refers (Special) to iusefp.o(.text) for __I$use$fp
    atan_x.o(i.__atan$lsc) refers to dscalb.o(.text) for __ARM_scalbn
    atan_x.o(i.__atan$lsc) refers to dadd.o(.text) for __aeabi_dadd
    atan_x.o(i.__atan$lsc) refers to ddiv.o(.text) for __aeabi_ddiv
    atan_x.o(i.__atan$lsc) refers to dmul.o(.text) for __aeabi_dmul
    atan_x.o(i.__atan$lsc) refers to poly.o(i.__kernel_poly) for __kernel_poly
    atan_x.o(i.__atan$lsc) refers to atan_x.o(.constdata) for .constdata
    atan_x.o(.constdata) refers (Special) to iusefp.o(.text) for __I$use$fp
    atan2.o(i.__softfp_atan2) refers (Special) to iusefp.o(.text) for __I$use$fp
    atan2.o(i.__softfp_atan2) refers to atan2.o(i.atan2) for atan2
    atan2.o(i.atan2) refers (Special) to iusefp.o(.text) for __I$use$fp
    atan2.o(i.atan2) refers to dadd.o(.text) for __aeabi_dadd
    atan2.o(i.atan2) refers to atan.o(i.atan) for atan
    atan2.o(i.atan2) refers to ddiv.o(.text) for __aeabi_ddiv
    atan2.o(i.atan2) refers to qnan.o(.constdata) for __mathlib_zero
    atan2_x.o(i.____softfp_atan2$lsc) refers (Special) to iusefp.o(.text) for __I$use$fp
    atan2_x.o(i.____softfp_atan2$lsc) refers to atan2_x.o(i.__atan2$lsc) for __atan2$lsc
    atan2_x.o(i.__atan2$lsc) refers (Special) to iusefp.o(.text) for __I$use$fp
    atan2_x.o(i.__atan2$lsc) refers to dadd.o(.text) for __aeabi_dadd
    atan2_x.o(i.__atan2$lsc) refers to atan.o(i.atan) for atan
    atan2_x.o(i.__atan2$lsc) refers to errno.o(i.__set_errno) for __set_errno
    atan2_x.o(i.__atan2$lsc) refers to ddiv.o(.text) for __aeabi_ddiv
    atan2_x.o(i.__atan2$lsc) refers to qnan.o(.constdata) for __mathlib_zero
    sqrt.o(i.__softfp_sqrt) refers (Special) to iusefp.o(.text) for __I$use$fp
    sqrt.o(i.__softfp_sqrt) refers to dsqrt.o(.text) for _dsqrt
    sqrt.o(i.__softfp_sqrt) refers to errno.o(i.__set_errno) for __set_errno
    sqrt.o(i.sqrt) refers (Special) to iusefp.o(.text) for __I$use$fp
    sqrt.o(i.sqrt) refers to dsqrt.o(.text) for _dsqrt
    sqrt.o(i.sqrt) refers to errno.o(i.__set_errno) for __set_errno
    sqrt_x.o(i.____softfp_sqrt$lsc) refers (Special) to iusefp.o(.text) for __I$use$fp
    sqrt_x.o(i.____softfp_sqrt$lsc) refers to cdcmple.o(.text) for __aeabi_cdcmple
    sqrt_x.o(i.____softfp_sqrt$lsc) refers to errno.o(i.__set_errno) for __set_errno
    sqrt_x.o(i.____softfp_sqrt$lsc) refers to dsqrt.o(.text) for _dsqrt
    sqrt_x.o(i.__sqrt$lsc) refers (Special) to iusefp.o(.text) for __I$use$fp
    sqrt_x.o(i.__sqrt$lsc) refers to cdcmple.o(.text) for __aeabi_cdcmple
    sqrt_x.o(i.__sqrt$lsc) refers to errno.o(i.__set_errno) for __set_errno
    sqrt_x.o(i.__sqrt$lsc) refers to dsqrt.o(.text) for _dsqrt
    entry.o(.ARM.Collect$$$$00000000) refers (Special) to entry10a.o(.ARM.Collect$$$$0000000D) for __rt_final_cpp
    entry.o(.ARM.Collect$$$$00000000) refers (Special) to entry11a.o(.ARM.Collect$$$$0000000F) for __rt_final_exit
    entry.o(.ARM.Collect$$$$00000000) refers (Special) to entry7b.o(.ARM.Collect$$$$00000008) for _main_clock
    entry.o(.ARM.Collect$$$$00000000) refers (Special) to entry8b.o(.ARM.Collect$$$$0000000A) for _main_cpp_init
    entry.o(.ARM.Collect$$$$00000000) refers (Special) to entry9a.o(.ARM.Collect$$$$0000000B) for _main_init
    entry.o(.ARM.Collect$$$$00000000) refers (Special) to entry5.o(.ARM.Collect$$$$00000004) for _main_scatterload
    entry.o(.ARM.Collect$$$$00000000) refers (Special) to entry2.o(.ARM.Collect$$$$00000001) for _main_stk
    fadd.o(.text) refers (Special) to iusefp.o(.text) for __I$use$fp
    fadd.o(.text) refers to fepilogue.o(.text) for _float_epilogue
    fmul.o(.text) refers (Special) to iusefp.o(.text) for __I$use$fp
    fdiv.o(.text) refers (Special) to iusefp.o(.text) for __I$use$fp
    fdiv.o(.text) refers to fepilogue.o(.text) for _float_round
    dadd.o(.text) refers (Special) to iusefp.o(.text) for __I$use$fp
    dadd.o(.text) refers to llshl.o(.text) for __aeabi_llsl
    dadd.o(.text) refers to llsshr.o(.text) for __aeabi_lasr
    dadd.o(.text) refers to depilogue.o(.text) for _double_epilogue
    dmul.o(.text) refers (Special) to iusefp.o(.text) for __I$use$fp
    dmul.o(.text) refers to depilogue.o(.text) for _double_epilogue
    ddiv.o(.text) refers (Special) to iusefp.o(.text) for __I$use$fp
    ddiv.o(.text) refers to depilogue.o(.text) for _double_round
    fflti.o(.text) refers (Special) to iusefp.o(.text) for __I$use$fp
    fflti.o(.text) refers to fepilogue.o(.text) for _float_epilogue
    ffltui.o(.text) refers (Special) to iusefp.o(.text) for __I$use$fp
    ffltui.o(.text) refers to fepilogue.o(.text) for _float_epilogue
    dflti.o(.text) refers (Special) to iusefp.o(.text) for __I$use$fp
    dflti.o(.text) refers to depilogue.o(.text) for _double_epilogue
    ffixi.o(.text) refers (Special) to iusefp.o(.text) for __I$use$fp
    ffixui.o(.text) refers (Special) to iusefp.o(.text) for __I$use$fp
    dfixi.o(.text) refers (Special) to iusefp.o(.text) for __I$use$fp
    dfixi.o(.text) refers to llushr.o(.text) for __aeabi_llsr
    f2d.o(.text) refers (Special) to iusefp.o(.text) for __I$use$fp
    cdrcmple.o(.text) refers (Special) to iusefp.o(.text) for __I$use$fp
    d2f.o(.text) refers (Special) to iusefp.o(.text) for __I$use$fp
    d2f.o(.text) refers to fepilogue.o(.text) for _float_round
    cfcmple.o(.text) refers (Special) to iusefp.o(.text) for __I$use$fp
    cfrcmple.o(.text) refers (Special) to iusefp.o(.text) for __I$use$fp
    dunder.o(i.__mathlib_dbl_underflow) refers to dscalb.o(.text) for __ARM_scalbn
    fpclassify.o(i.__ARM_fpclassify) refers (Special) to iusefp.o(.text) for __I$use$fp
    poly.o(i.__kernel_poly) refers (Special) to iusefp.o(.text) for __I$use$fp
    poly.o(i.__kernel_poly) refers to dmul.o(.text) for __aeabi_dmul
    poly.o(i.__kernel_poly) refers to dadd.o(.text) for __aeabi_dadd
    qnan.o(.constdata) refers (Special) to iusefp.o(.text) for __I$use$fp
    entry2.o(.ARM.Collect$$$$00000001) refers to entry2.o(.ARM.Collect$$$$00002712) for __lit__00000000
    entry2.o(.ARM.Collect$$$$00002712) refers to startup_stm32f10x_md.o(STACK) for __initial_sp
    entry2.o(__vectab_stack_and_reset_area) refers to startup_stm32f10x_md.o(STACK) for __initial_sp
    entry2.o(__vectab_stack_and_reset_area) refers to entry.o(.ARM.Collect$$$$00000000) for __main
    entry5.o(.ARM.Collect$$$$00000004) refers to init.o(.text) for __scatterload
    entry9a.o(.ARM.Collect$$$$0000000B) refers to main.o(.text) for main
    entry9b.o(.ARM.Collect$$$$0000000C) refers to main.o(.text) for main
    errno.o(i.__aeabi_errno_addr) refers to errno.o(.data) for .data
    errno.o(i.__read_errno) refers to errno.o(.data) for .data
    errno.o(i.__set_errno) refers to errno.o(.data) for .data
    depilogue.o(.text) refers to llshl.o(.text) for __aeabi_llsl
    depilogue.o(.text) refers to llushr.o(.text) for __aeabi_llsr
    dsqrt.o(.text) refers to llushr.o(.text) for __aeabi_llsr
    dsqrt.o(.text) refers to depilogue.o(.text) for _double_round
    init.o(.text) refers to entry5.o(.ARM.Collect$$$$00000004) for __main_after_scatterload


==============================================================================

Removing Unused input sections from the image.

    Removing core_cm3.o(.emb_text), (32 bytes).
    Removing spi_nrf.o(.bss), (49 bytes).
    Removing stm32f10x_exti.o(.text), (284 bytes).
    Removing stm32f10x_flash.o(.text), (1468 bytes).
    Removing stm32f10x_i2c.o(.text), (1028 bytes).
    Removing startup_stm32f10x_md.o(HEAP), (512 bytes).
    Removing cdcmple.o(.text), (40 bytes).

7 unused section(s) (total 3413 bytes) removed from the image.

==============================================================================

Image Symbol Table

    Local Symbols

    Symbol Name                              Value     Ov Type        Size  Object(Section)

    ../clib/../cmprslib/zerorunl2.c          0x00000000   Number         0  __dczerorl2.o ABSOLUTE
    ../clib/microlib/errno.c                 0x00000000   Number         0  errno.o ABSOLUTE
    ../clib/microlib/init/entry.s            0x00000000   Number         0  entry7a.o ABSOLUTE
    ../clib/microlib/init/entry.s            0x00000000   Number         0  entry10a.o ABSOLUTE
    ../clib/microlib/init/entry.s            0x00000000   Number         0  entry.o ABSOLUTE
    ../clib/microlib/init/entry.s            0x00000000   Number         0  entry8b.o ABSOLUTE
    ../clib/microlib/init/entry.s            0x00000000   Number         0  entry8a.o ABSOLUTE
    ../clib/microlib/init/entry.s            0x00000000   Number         0  entry7b.o ABSOLUTE
    ../clib/microlib/init/entry.s            0x00000000   Number         0  entry9b.o ABSOLUTE
    ../clib/microlib/init/entry.s            0x00000000   Number         0  entry11b.o ABSOLUTE
    ../clib/microlib/init/entry.s            0x00000000   Number         0  entry5.o ABSOLUTE
    ../clib/microlib/init/entry.s            0x00000000   Number         0  entry2.o ABSOLUTE
    ../clib/microlib/init/entry.s            0x00000000   Number         0  entry9a.o ABSOLUTE
    ../clib/microlib/init/entry.s            0x00000000   Number         0  entry11a.o ABSOLUTE
    ../clib/microlib/init/entry.s            0x00000000   Number         0  entry10b.o ABSOLUTE
    ../clib/microlib/longlong.c              0x00000000   Number         0  llshl.o ABSOLUTE
    ../clib/microlib/longlong.c              0x00000000   Number         0  llushr.o ABSOLUTE
    ../clib/microlib/longlong.c              0x00000000   Number         0  llsshr.o ABSOLUTE
    ../clib/microlib/stubs.s                 0x00000000   Number         0  iusefp.o ABSOLUTE
    ../fplib/microlib/d2f.c                  0x00000000   Number         0  d2f.o ABSOLUTE
    ../fplib/microlib/f2d.c                  0x00000000   Number         0  f2d.o ABSOLUTE
    ../fplib/microlib/fpadd.c                0x00000000   Number         0  fadd.o ABSOLUTE
    ../fplib/microlib/fpadd.c                0x00000000   Number         0  dadd.o ABSOLUTE
    ../fplib/microlib/fpdiv.c                0x00000000   Number         0  fdiv.o ABSOLUTE
    ../fplib/microlib/fpdiv.c                0x00000000   Number         0  ddiv.o ABSOLUTE
    ../fplib/microlib/fpepilogue.c           0x00000000   Number         0  depilogue.o ABSOLUTE
    ../fplib/microlib/fpepilogue.c           0x00000000   Number         0  fepilogue.o ABSOLUTE
    ../fplib/microlib/fpfix.c                0x00000000   Number         0  dfixi.o ABSOLUTE
    ../fplib/microlib/fpfix.c                0x00000000   Number         0  ffixui.o ABSOLUTE
    ../fplib/microlib/fpfix.c                0x00000000   Number         0  ffixi.o ABSOLUTE
    ../fplib/microlib/fpflt.c                0x00000000   Number         0  dflti.o ABSOLUTE
    ../fplib/microlib/fpflt.c                0x00000000   Number         0  fflti.o ABSOLUTE
    ../fplib/microlib/fpflt.c                0x00000000   Number         0  ffltui.o ABSOLUTE
    ../fplib/microlib/fpmul.c                0x00000000   Number         0  fmul.o ABSOLUTE
    ../fplib/microlib/fpmul.c                0x00000000   Number         0  dmul.o ABSOLUTE
    ../fplib/microlib/fpscalb.c              0x00000000   Number         0  dscalb.o ABSOLUTE
    ../fplib/microlib/fpsqrt.c               0x00000000   Number         0  dsqrt.o ABSOLUTE
    ../mathlib/asin.c                        0x00000000   Number         0  asin_x.o ABSOLUTE
    ../mathlib/asin.c                        0x00000000   Number         0  asin.o ABSOLUTE
    ../mathlib/atan.c                        0x00000000   Number         0  atan.o ABSOLUTE
    ../mathlib/atan.c                        0x00000000   Number         0  atan_x.o ABSOLUTE
    ../mathlib/atan2.c                       0x00000000   Number         0  atan2.o ABSOLUTE
    ../mathlib/atan2.c                       0x00000000   Number         0  atan2_x.o ABSOLUTE
    ../mathlib/dunder.c                      0x00000000   Number         0  dunder.o ABSOLUTE
    ../mathlib/fpclassify.c                  0x00000000   Number         0  fpclassify.o ABSOLUTE
    ../mathlib/poly.c                        0x00000000   Number         0  poly.o ABSOLUTE
    ../mathlib/qnan.c                        0x00000000   Number         0  qnan.o ABSOLUTE
    ../mathlib/sqrt.c                        0x00000000   Number         0  sqrt.o ABSOLUTE
    ../mathlib/sqrt.c                        0x00000000   Number         0  sqrt_x.o ABSOLUTE
    CMSIS\STARTUP\startup_stm32f10x_md.s     0x00000000   Number         0  startup_stm32f10x_md.o ABSOLUTE
    CMSIS\\core_cm3.c                        0x00000000   Number         0  core_cm3.o ABSOLUTE
    CMSIS\core_cm3.c                         0x00000000   Number         0  core_cm3.o ABSOLUTE
    CMSIS\system_stm32f10x.c                 0x00000000   Number         0  system_stm32f10x.o ABSOLUTE
    CODE\HMC5883L.c                          0x00000000   Number         0  hmc5883l.o ABSOLUTE
    CODE\I2C.c                               0x00000000   Number         0  i2c.o ABSOLUTE
    CODE\IMU.c                               0x00000000   Number         0  imu.o ABSOLUTE
    CODE\Pid.c                               0x00000000   Number         0  pid.o ABSOLUTE
    CODE\SPI_NRF.c                           0x00000000   Number         0  spi_nrf.o ABSOLUTE
    CODE\Timer.c                             0x00000000   Number         0  timer.o ABSOLUTE
    CODE\USART.c                             0x00000000   Number         0  usart.o ABSOLUTE
    CODE\delay.c                             0x00000000   Number         0  delay.o ABSOLUTE
    CODE\led.c                               0x00000000   Number         0  led.o ABSOLUTE
    CODE\mpu6050.c                           0x00000000   Number         0  mpu6050.o ABSOLUTE
    CODE\pwm.c                               0x00000000   Number         0  pwm.o ABSOLUTE
    STM32_LIB\src\misc.c                     0x00000000   Number         0  misc.o ABSOLUTE
    STM32_LIB\src\stm32f10x_exti.c           0x00000000   Number         0  stm32f10x_exti.o ABSOLUTE
    STM32_LIB\src\stm32f10x_flash.c          0x00000000   Number         0  stm32f10x_flash.o ABSOLUTE
    STM32_LIB\src\stm32f10x_gpio.c           0x00000000   Number         0  stm32f10x_gpio.o ABSOLUTE
    STM32_LIB\src\stm32f10x_i2c.c            0x00000000   Number         0  stm32f10x_i2c.o ABSOLUTE
    STM32_LIB\src\stm32f10x_rcc.c            0x00000000   Number         0  stm32f10x_rcc.o ABSOLUTE
    STM32_LIB\src\stm32f10x_spi.c            0x00000000   Number         0  stm32f10x_spi.o ABSOLUTE
    STM32_LIB\src\stm32f10x_tim.c            0x00000000   Number         0  stm32f10x_tim.o ABSOLUTE
    STM32_LIB\src\stm32f10x_usart.c          0x00000000   Number         0  stm32f10x_usart.o ABSOLUTE
    USER\main.c                              0x00000000   Number         0  main.o ABSOLUTE
    USER\stm32f10x_it.c                      0x00000000   Number         0  stm32f10x_it.o ABSOLUTE
    cdcmple.s                                0x00000000   Number         0  cdcmple.o ABSOLUTE
    cdrcmple.s                               0x00000000   Number         0  cdrcmple.o ABSOLUTE
    cfcmple.s                                0x00000000   Number         0  cfcmple.o ABSOLUTE
    cfrcmple.s                               0x00000000   Number         0  cfrcmple.o ABSOLUTE
    dc.s                                     0x00000000   Number         0  dc.o ABSOLUTE
    handlers.s                               0x00000000   Number         0  handlers.o ABSOLUTE
    init.s                                   0x00000000   Number         0  init.o ABSOLUTE
    RESET                                    0x08000000   Section      236  startup_stm32f10x_md.o(RESET)
    .ARM.Collect$$$$00000000                 0x080000ec   Section        0  entry.o(.ARM.Collect$$$$00000000)
    .ARM.Collect$$$$00000001                 0x080000ec   Section        4  entry2.o(.ARM.Collect$$$$00000001)
    .ARM.Collect$$$$00000004                 0x080000f0   Section        4  entry5.o(.ARM.Collect$$$$00000004)
    .ARM.Collect$$$$00000008                 0x080000f4   Section        0  entry7b.o(.ARM.Collect$$$$00000008)
    .ARM.Collect$$$$0000000A                 0x080000f4   Section        0  entry8b.o(.ARM.Collect$$$$0000000A)
    .ARM.Collect$$$$0000000B                 0x080000f4   Section        8  entry9a.o(.ARM.Collect$$$$0000000B)
    .ARM.Collect$$$$0000000D                 0x080000fc   Section        0  entry10a.o(.ARM.Collect$$$$0000000D)
    .ARM.Collect$$$$0000000F                 0x080000fc   Section        0  entry11a.o(.ARM.Collect$$$$0000000F)
    .ARM.Collect$$$$00002712                 0x080000fc   Section        4  entry2.o(.ARM.Collect$$$$00002712)
    __lit__00000000                          0x080000fc   Data           4  entry2.o(.ARM.Collect$$$$00002712)
    .text                                    0x08000100   Section        0  system_stm32f10x.o(.text)
    SetSysClockTo72                          0x08000101   Thumb Code   214  system_stm32f10x.o(.text)
    SetSysClock                              0x080001d7   Thumb Code     8  system_stm32f10x.o(.text)
    .text                                    0x080002e0   Section        0  delay.o(.text)
    .text                                    0x08000350   Section        0  hmc5883l.o(.text)
    .text                                    0x08000564   Section        0  i2c.o(.text)
    .text                                    0x08000ad0   Section        0  imu.o(.text)
    .text                                    0x08001a30   Section        0  mpu6050.o(.text)
    .text                                    0x08001fa0   Section        0  pwm.o(.text)
    .text                                    0x080020a8   Section        0  usart.o(.text)
    .text                                    0x08002234   Section        0  pid.o(.text)
    .text                                    0x080027d0   Section        0  led.o(.text)
    .text                                    0x0800285c   Section        0  spi_nrf.o(.text)
    .text                                    0x08002c1c   Section        0  timer.o(.text)
    .text                                    0x08002cd4   Section        0  misc.o(.text)
    .text                                    0x08002db0   Section        0  stm32f10x_gpio.o(.text)
    .text                                    0x0800310c   Section        0  stm32f10x_rcc.o(.text)
    .text                                    0x080034b0   Section        0  stm32f10x_tim.o(.text)
    TI4_Config                               0x08003957   Thumb Code   130  stm32f10x_tim.o(.text)
    TI3_Config                               0x080039eb   Thumb Code   122  stm32f10x_tim.o(.text)
    TI2_Config                               0x08003a7f   Thumb Code   130  stm32f10x_tim.o(.text)
    TI1_Config                               0x08003b13   Thumb Code   108  stm32f10x_tim.o(.text)
    .text                                    0x080042cc   Section        0  stm32f10x_usart.o(.text)
    .text                                    0x080046d4   Section        0  stm32f10x_spi.o(.text)
    .text                                    0x080049e0   Section        0  main.o(.text)
    .text                                    0x08004d18   Section        0  stm32f10x_it.o(.text)
    .text                                    0x08004d34   Section       36  startup_stm32f10x_md.o(.text)
    .text                                    0x08004d58   Section        0  fadd.o(.text)
    .text                                    0x08004e08   Section        0  fmul.o(.text)
    .text                                    0x08004e6c   Section        0  fdiv.o(.text)
    .text                                    0x08004ee8   Section        0  dadd.o(.text)
    .text                                    0x08005036   Section        0  dmul.o(.text)
    .text                                    0x0800511a   Section        0  ddiv.o(.text)
    .text                                    0x080051f8   Section        0  fflti.o(.text)
    .text                                    0x0800520a   Section        0  ffltui.o(.text)
    .text                                    0x08005214   Section        0  dflti.o(.text)
    .text                                    0x08005236   Section        0  ffixi.o(.text)
    .text                                    0x08005268   Section        0  ffixui.o(.text)
    .text                                    0x08005290   Section        0  dfixi.o(.text)
    .text                                    0x080052ce   Section        0  f2d.o(.text)
    .text                                    0x080052f4   Section       40  cdrcmple.o(.text)
    .text                                    0x0800531c   Section        0  d2f.o(.text)
    .text                                    0x08005354   Section       20  cfcmple.o(.text)
    .text                                    0x08005368   Section       20  cfrcmple.o(.text)
    .text                                    0x0800537c   Section        0  llshl.o(.text)
    .text                                    0x0800539a   Section        0  llushr.o(.text)
    .text                                    0x080053ba   Section        0  llsshr.o(.text)
    .text                                    0x080053de   Section        0  fepilogue.o(.text)
    .text                                    0x080053de   Section        0  iusefp.o(.text)
    .text                                    0x0800544c   Section        0  depilogue.o(.text)
    .text                                    0x08005502   Section        0  dscalb.o(.text)
    .text                                    0x08005530   Section        0  dsqrt.o(.text)
    .text                                    0x080055d4   Section       36  init.o(.text)
    .text                                    0x080055f8   Section        0  __dczerorl2.o(.text)
    i.__ARM_fpclassify                       0x0800564e   Section        0  fpclassify.o(i.__ARM_fpclassify)
    i.__kernel_poly                          0x08005676   Section        0  poly.o(i.__kernel_poly)
    i.__mathlib_dbl_underflow                0x08005720   Section        0  dunder.o(i.__mathlib_dbl_underflow)
    i.__scatterload_copy                     0x08005730   Section       14  handlers.o(i.__scatterload_copy)
    i.__scatterload_null                     0x0800573e   Section        2  handlers.o(i.__scatterload_null)
    i.__scatterload_zeroinit                 0x08005740   Section       14  handlers.o(i.__scatterload_zeroinit)
    i.__set_errno                            0x08005750   Section        0  errno.o(i.__set_errno)
    i.asin                                   0x0800575c   Section        0  asin.o(i.asin)
    i.atan                                   0x080059d8   Section        0  atan.o(i.atan)
    i.atan2                                  0x08005bfc   Section        0  atan2.o(i.atan2)
    i.sqrt                                   0x08005d7c   Section        0  sqrt.o(i.sqrt)
    .constdata                               0x08005dc8   Section       80  asin.o(.constdata)
    pS                                       0x08005dc8   Data          48  asin.o(.constdata)
    qS                                       0x08005df8   Data          32  asin.o(.constdata)
    .constdata                               0x08005e18   Section      152  atan.o(.constdata)
    atanhi                                   0x08005e18   Data          32  atan.o(.constdata)
    atanlo                                   0x08005e38   Data          32  atan.o(.constdata)
    aTodd                                    0x08005e58   Data          40  atan.o(.constdata)
    aTeven                                   0x08005e80   Data          48  atan.o(.constdata)
    .constdata                               0x08005eb0   Section        8  qnan.o(.constdata)
    .data                                    0x20000000   Section       20  system_stm32f10x.o(.data)
    .data                                    0x20000014   Section        4  delay.o(.data)
    fac_us                                   0x20000014   Data           1  delay.o(.data)
    fac_ms                                   0x20000016   Data           2  delay.o(.data)
    .data                                    0x20000018   Section       12  hmc5883l.o(.data)
    .data                                    0x20000024   Section       44  imu.o(.data)
    .data                                    0x20000050   Section       24  mpu6050.o(.data)
    .data                                    0x20000068   Section       92  pid.o(.data)
    lastoutput                               0x200000c0   Data           4  pid.o(.data)
    .data                                    0x200000c4   Section       51  spi_nrf.o(.data)
    .data                                    0x200000f7   Section       20  stm32f10x_rcc.o(.data)
    APBAHBPrescTable                         0x200000f7   Data          16  stm32f10x_rcc.o(.data)
    ADCPrescTable                            0x20000107   Data           4  stm32f10x_rcc.o(.data)
    .data                                    0x2000010c   Section       26  main.o(.data)
    .data                                    0x20000128   Section        4  errno.o(.data)
    _errno                                   0x20000128   Data           4  errno.o(.data)
    .bss                                     0x2000012c   Section       66  hmc5883l.o(.bss)
    .bss                                     0x20000170   Section       12  imu.o(.bss)
    lastacc                                  0x20000170   Data          12  imu.o(.bss)
    .bss                                     0x2000017c   Section      146  mpu6050.o(.bss)
    .bss                                     0x20000210   Section      324  pid.o(.bss)
    .bss                                     0x20000354   Section       74  main.o(.bss)
    STACK                                    0x200003a0   Section     1024  startup_stm32f10x_md.o(STACK)

    Global Symbols

    Symbol Name                              Value     Ov Type        Size  Object(Section)

    BuildAttributes$$THM_ISAv4$P$D$K$B$S$PE$A:L22UL41UL21$X:L11$S22US41US21$IEEE1$IW$USESV6$~STKCKD$USESV7$~SHL$OTIME$ROPI$IEEEX$EBA8$MICROLIB$REQ8$PRES8$EABIv2 0x00000000   Number         0  anon$$obj.o ABSOLUTE
    __ARM_use_no_argv                        0x00000000   Number         0  main.o ABSOLUTE
    __cpp_initialize__aeabi_                  - Undefined Weak Reference
    __cxa_finalize                            - Undefined Weak Reference
    _clock_init                               - Undefined Weak Reference
    _microlib_exit                            - Undefined Weak Reference
    __Vectors_Size                           0x000000ec   Number         0  startup_stm32f10x_md.o ABSOLUTE
    __Vectors                                0x08000000   Data           4  startup_stm32f10x_md.o(RESET)
    __Vectors_End                            0x080000ec   Data           0  startup_stm32f10x_md.o(RESET)
    __main                                   0x080000ed   Thumb Code     0  entry.o(.ARM.Collect$$$$00000000)
    _main_stk                                0x080000ed   Thumb Code     0  entry2.o(.ARM.Collect$$$$00000001)
    _main_scatterload                        0x080000f1   Thumb Code     0  entry5.o(.ARM.Collect$$$$00000004)
    __main_after_scatterload                 0x080000f5   Thumb Code     0  entry5.o(.ARM.Collect$$$$00000004)
    _main_clock                              0x080000f5   Thumb Code     0  entry7b.o(.ARM.Collect$$$$00000008)
    _main_cpp_init                           0x080000f5   Thumb Code     0  entry8b.o(.ARM.Collect$$$$0000000A)
    _main_init                               0x080000f5   Thumb Code     0  entry9a.o(.ARM.Collect$$$$0000000B)
    __rt_final_cpp                           0x080000fd   Thumb Code     0  entry10a.o(.ARM.Collect$$$$0000000D)
    __rt_final_exit                          0x080000fd   Thumb Code     0  entry11a.o(.ARM.Collect$$$$0000000F)
    SystemInit                               0x080001df   Thumb Code    78  system_stm32f10x.o(.text)
    SystemCoreClockUpdate                    0x0800022d   Thumb Code   142  system_stm32f10x.o(.text)
    delay_init                               0x080002e1   Thumb Code    52  delay.o(.text)
    delay_ms                                 0x08000315   Thumb Code    30  delay.o(.text)
    delay_us                                 0x08000333   Thumb Code    22  delay.o(.text)
    HMC5883_WriteReg                         0x08000351   Thumb Code    46  hmc5883l.o(.text)
    HMC5883_ReadData                         0x0800037f   Thumb Code    88  hmc5883l.o(.text)
    HMC58X3_newValues                        0x080003d7   Thumb Code   186  hmc5883l.o(.text)
    HMC58X3_getRaw                           0x08000491   Thumb Code   116  hmc5883l.o(.text)
    HMC58X3_mgetValues                       0x08000505   Thumb Code    58  hmc5883l.o(.text)
    Init_HMC5883L                            0x0800053f   Thumb Code    20  hmc5883l.o(.text)
    Init_I2C                                 0x08000565   Thumb Code    46  i2c.o(.text)
    Init_I2C2                                0x08000593   Thumb Code    52  i2c.o(.text)
    I2C_SDA_OUT                              0x080005c7   Thumb Code    30  i2c.o(.text)
    I2C_SDA2_OUT                             0x080005e5   Thumb Code    32  i2c.o(.text)
    I2C_SDA_IN                               0x08000605   Thumb Code    24  i2c.o(.text)
    I2C_SDA2_IN                              0x0800061d   Thumb Code    26  i2c.o(.text)
    I2C_Start                                0x08000637   Thumb Code    52  i2c.o(.text)
    I2C_Start2                               0x0800066b   Thumb Code    60  i2c.o(.text)
    I2C_Stop                                 0x080006a7   Thumb Code    52  i2c.o(.text)
    I2C_Stop2                                0x080006db   Thumb Code    60  i2c.o(.text)
    I2C_Ack                                  0x08000717   Thumb Code    52  i2c.o(.text)
    I2C_Ack2                                 0x0800074b   Thumb Code    60  i2c.o(.text)
    I2C_NAck                                 0x08000787   Thumb Code    52  i2c.o(.text)
    I2C_NAck2                                0x080007bb   Thumb Code    60  i2c.o(.text)
    I2C_Wait_Ack                             0x080007f7   Thumb Code    78  i2c.o(.text)
    I2C_Wait_Ack2                            0x08000845   Thumb Code    86  i2c.o(.text)
    I2C_Receive_Byte                         0x0800089b   Thumb Code    92  i2c.o(.text)
    I2C_Receive_Byte2                        0x080008f7   Thumb Code   106  i2c.o(.text)
    I2C_Send_Byte                            0x08000961   Thumb Code    88  i2c.o(.text)
    I2C_Send_Byte2                           0x080009b9   Thumb Code    98  i2c.o(.text)
    I2C_Read_Byte                            0x08000a1b   Thumb Code    86  i2c.o(.text)
    I2C_Read_Byte2                           0x08000a71   Thumb Code    92  i2c.o(.text)
    invSqrt                                  0x08000ad1   Thumb Code    72  imu.o(.text)
    IMU_init                                 0x08000b19   Thumb Code    66  imu.o(.text)
    IMU_getValues                            0x08000b5b   Thumb Code   136  imu.o(.text)
    LPF_2nd                                  0x08000be3   Thumb Code    64  imu.o(.text)
    IMU_AHRSupdate                           0x08000c23   Thumb Code  2346  imu.o(.text)
    IMU_getQ                                 0x0800154d   Thumb Code   148  imu.o(.text)
    IMU_getYawPitchRoll                      0x080015e1   Thumb Code  1052  imu.o(.text)
    MPU6050_WriteReg                         0x08001a31   Thumb Code    46  mpu6050.o(.text)
    MPU6050_ReadData                         0x08001a5f   Thumb Code    88  mpu6050.o(.text)
    MPU6050_Init                             0x08001ab7   Thumb Code    60  mpu6050.o(.text)
    MPU6050ReadAcc                           0x08001af3   Thumb Code    64  mpu6050.o(.text)
    MPU6050ReadGyro                          0x08001b33   Thumb Code    64  mpu6050.o(.text)
    MPU6050ReadTemp                          0x08001b73   Thumb Code    32  mpu6050.o(.text)
    MPU6050_ReturnTemp                       0x08001b93   Thumb Code    78  mpu6050.o(.text)
    MPU6050_newValues                        0x08001be1   Thumb Code   494  mpu6050.o(.text)
    MPU6050_getMotion6                       0x08001dcf   Thumb Code   168  mpu6050.o(.text)
    MPU6050_InitGyro_Offset                  0x08001e77   Thumb Code   238  mpu6050.o(.text)
    TIM2_GPIO_Config                         0x08001fa1   Thumb Code    46  pwm.o(.text)
    TIM2_Mode_Config                         0x08001fcf   Thumb Code   188  pwm.o(.text)
    TIM2_PWM_Init                            0x0800208b   Thumb Code    26  pwm.o(.text)
    USART1_Config                            0x080020a9   Thumb Code   218  usart.o(.text)
    fputc                                    0x08002183   Thumb Code    32  usart.o(.text)
    USART1_Putc                              0x080021a3   Thumb Code    28  usart.o(.text)
    USART1_Puts                              0x080021bf   Thumb Code    38  usart.o(.text)
    USART1_IRQHandler                        0x080021e5   Thumb Code    70  usart.o(.text)
    pidInit                                  0x08002235   Thumb Code    28  pid.o(.text)
    pidUpdate                                0x08002251   Thumb Code   206  pid.o(.text)
    pidSetIntegralLimit                      0x0800231f   Thumb Code     4  pid.o(.text)
    PID_core_control                         0x08002323   Thumb Code   112  pid.o(.text)
    PID_controllerInit                       0x08002393   Thumb Code   486  pid.o(.text)
    MOTORLimit                               0x08002579   Thumb Code    42  pid.o(.text)
    PID_CAL                                  0x080025a3   Thumb Code   542  pid.o(.text)
    LED_GPIO_Config                          0x080027d1   Thumb Code   126  led.o(.text)
    Delay                                    0x0800285d   Thumb Code    18  spi_nrf.o(.text)
    SPI_NRF_Init                             0x0800286f   Thumb Code   212  spi_nrf.o(.text)
    SPI_NRF_RW                               0x08002943   Thumb Code    50  spi_nrf.o(.text)
    SPI_NRF_WriteReg                         0x08002975   Thumb Code    52  spi_nrf.o(.text)
    SPI_NRF_ReadReg                          0x080029a9   Thumb Code    50  spi_nrf.o(.text)
    SPI_NRF_ReadBuf                          0x080029db   Thumb Code    72  spi_nrf.o(.text)
    SPI_NRF_WriteBuf                         0x08002a23   Thumb Code    72  spi_nrf.o(.text)
    NRF_RX_Mode                              0x08002a6b   Thumb Code    78  spi_nrf.o(.text)
    NRF_TX_Mode                              0x08002ab9   Thumb Code    96  spi_nrf.o(.text)
    NRF_Check                                0x08002b19   Thumb Code    68  spi_nrf.o(.text)
    NRF_Tx_Dat                               0x08002b5d   Thumb Code    82  spi_nrf.o(.text)
    NRF_Rx_Dat                               0x08002baf   Thumb Code    82  spi_nrf.o(.text)
    TIM3_Config                              0x08002c1d   Thumb Code   100  timer.o(.text)
    TIM3_IRQHandler                          0x08002c81   Thumb Code    62  timer.o(.text)
    NVIC_PriorityGroupConfig                 0x08002cd5   Thumb Code    10  misc.o(.text)
    NVIC_Init                                0x08002cdf   Thumb Code   100  misc.o(.text)
    NVIC_SetVectorTable                      0x08002d43   Thumb Code    14  misc.o(.text)
    NVIC_SystemLPConfig                      0x08002d51   Thumb Code    34  misc.o(.text)
    SysTick_CLKSourceConfig                  0x08002d73   Thumb Code    40  misc.o(.text)
    GPIO_DeInit                              0x08002db1   Thumb Code   172  stm32f10x_gpio.o(.text)
    GPIO_AFIODeInit                          0x08002e5d   Thumb Code    20  stm32f10x_gpio.o(.text)
    GPIO_Init                                0x08002e71   Thumb Code   278  stm32f10x_gpio.o(.text)
    GPIO_StructInit                          0x08002f87   Thumb Code    16  stm32f10x_gpio.o(.text)
    GPIO_ReadInputDataBit                    0x08002f97   Thumb Code    18  stm32f10x_gpio.o(.text)
    GPIO_ReadInputData                       0x08002fa9   Thumb Code     8  stm32f10x_gpio.o(.text)
    GPIO_ReadOutputDataBit                   0x08002fb1   Thumb Code    18  stm32f10x_gpio.o(.text)
    GPIO_ReadOutputData                      0x08002fc3   Thumb Code     8  stm32f10x_gpio.o(.text)
    GPIO_SetBits                             0x08002fcb   Thumb Code     4  stm32f10x_gpio.o(.text)
    GPIO_ResetBits                           0x08002fcf   Thumb Code     4  stm32f10x_gpio.o(.text)
    GPIO_WriteBit                            0x08002fd3   Thumb Code    10  stm32f10x_gpio.o(.text)
    GPIO_Write                               0x08002fdd   Thumb Code     4  stm32f10x_gpio.o(.text)
    GPIO_PinLockConfig                       0x08002fe1   Thumb Code    18  stm32f10x_gpio.o(.text)
    GPIO_EventOutputConfig                   0x08002ff3   Thumb Code    26  stm32f10x_gpio.o(.text)
    GPIO_EventOutputCmd                      0x0800300d   Thumb Code     6  stm32f10x_gpio.o(.text)
    GPIO_PinRemapConfig                      0x08003013   Thumb Code   138  stm32f10x_gpio.o(.text)
    GPIO_EXTILineConfig                      0x0800309d   Thumb Code    66  stm32f10x_gpio.o(.text)
    GPIO_ETH_MediaInterfaceConfig            0x080030df   Thumb Code     8  stm32f10x_gpio.o(.text)
    RCC_DeInit                               0x0800310d   Thumb Code    64  stm32f10x_rcc.o(.text)
    RCC_HSEConfig                            0x0800314d   Thumb Code    70  stm32f10x_rcc.o(.text)
    RCC_GetFlagStatus                        0x08003193   Thumb Code    56  stm32f10x_rcc.o(.text)
    RCC_WaitForHSEStartUp                    0x080031cb   Thumb Code    56  stm32f10x_rcc.o(.text)
    RCC_AdjustHSICalibrationValue            0x08003203   Thumb Code    20  stm32f10x_rcc.o(.text)
    RCC_HSICmd                               0x08003217   Thumb Code     6  stm32f10x_rcc.o(.text)
    RCC_PLLConfig                            0x0800321d   Thumb Code    24  stm32f10x_rcc.o(.text)
    RCC_PLLCmd                               0x08003235   Thumb Code     6  stm32f10x_rcc.o(.text)
    RCC_SYSCLKConfig                         0x0800323b   Thumb Code    18  stm32f10x_rcc.o(.text)
    RCC_GetSYSCLKSource                      0x0800324d   Thumb Code    10  stm32f10x_rcc.o(.text)
    RCC_HCLKConfig                           0x08003257   Thumb Code    18  stm32f10x_rcc.o(.text)
    RCC_PCLK1Config                          0x08003269   Thumb Code    18  stm32f10x_rcc.o(.text)
    RCC_PCLK2Config                          0x0800327b   Thumb Code    20  stm32f10x_rcc.o(.text)
    RCC_ITConfig                             0x0800328f   Thumb Code    26  stm32f10x_rcc.o(.text)
    RCC_USBCLKConfig                         0x080032a9   Thumb Code     8  stm32f10x_rcc.o(.text)
    RCC_ADCCLKConfig                         0x080032b1   Thumb Code    18  stm32f10x_rcc.o(.text)
    RCC_LSEConfig                            0x080032c3   Thumb Code    50  stm32f10x_rcc.o(.text)
    RCC_LSICmd                               0x080032f5   Thumb Code     6  stm32f10x_rcc.o(.text)
    RCC_RTCCLKConfig                         0x080032fb   Thumb Code    12  stm32f10x_rcc.o(.text)
    RCC_RTCCLKCmd                            0x08003307   Thumb Code     8  stm32f10x_rcc.o(.text)
    RCC_GetClocksFreq                        0x0800330f   Thumb Code   192  stm32f10x_rcc.o(.text)
    RCC_AHBPeriphClockCmd                    0x080033cf   Thumb Code    26  stm32f10x_rcc.o(.text)
    RCC_APB2PeriphClockCmd                   0x080033e9   Thumb Code    26  stm32f10x_rcc.o(.text)
    RCC_APB1PeriphClockCmd                   0x08003403   Thumb Code    26  stm32f10x_rcc.o(.text)
    RCC_APB2PeriphResetCmd                   0x0800341d   Thumb Code    26  stm32f10x_rcc.o(.text)
    RCC_APB1PeriphResetCmd                   0x08003437   Thumb Code    26  stm32f10x_rcc.o(.text)
    RCC_BackupResetCmd                       0x08003451   Thumb Code     8  stm32f10x_rcc.o(.text)
    RCC_ClockSecuritySystemCmd               0x08003459   Thumb Code     6  stm32f10x_rcc.o(.text)
    RCC_MCOConfig                            0x0800345f   Thumb Code     6  stm32f10x_rcc.o(.text)
    RCC_ClearFlag                            0x08003465   Thumb Code    14  stm32f10x_rcc.o(.text)
    RCC_GetITStatus                          0x08003473   Thumb Code    20  stm32f10x_rcc.o(.text)
    RCC_ClearITPendingBit                    0x08003487   Thumb Code     6  stm32f10x_rcc.o(.text)
    TIM_DeInit                               0x080034b1   Thumb Code   424  stm32f10x_tim.o(.text)
    TIM_TimeBaseInit                         0x08003659   Thumb Code   122  stm32f10x_tim.o(.text)
    TIM_OC1Init                              0x080036d3   Thumb Code   132  stm32f10x_tim.o(.text)
    TIM_OC2Init                              0x08003757   Thumb Code   154  stm32f10x_tim.o(.text)
    TIM_OC3Init                              0x080037f1   Thumb Code   150  stm32f10x_tim.o(.text)
    TIM_OC4Init                              0x08003887   Thumb Code   182  stm32f10x_tim.o(.text)
    TIM_SetIC4Prescaler                      0x0800393d   Thumb Code    26  stm32f10x_tim.o(.text)
    TIM_SetIC3Prescaler                      0x080039d9   Thumb Code    18  stm32f10x_tim.o(.text)
    TIM_SetIC2Prescaler                      0x08003a65   Thumb Code    26  stm32f10x_tim.o(.text)
    TIM_SetIC1Prescaler                      0x08003b01   Thumb Code    18  stm32f10x_tim.o(.text)
    TIM_ICInit                               0x08003b7f   Thumb Code   150  stm32f10x_tim.o(.text)
    TIM_PWMIConfig                           0x08003c15   Thumb Code   124  stm32f10x_tim.o(.text)
    TIM_BDTRConfig                           0x08003c91   Thumb Code    32  stm32f10x_tim.o(.text)
    TIM_TimeBaseStructInit                   0x08003cb1   Thumb Code    18  stm32f10x_tim.o(.text)
    TIM_OCStructInit                         0x08003cc3   Thumb Code    20  stm32f10x_tim.o(.text)
    TIM_ICStructInit                         0x08003cd7   Thumb Code    18  stm32f10x_tim.o(.text)
    TIM_BDTRStructInit                       0x08003ce9   Thumb Code    40  stm32f10x_tim.o(.text)
    TIM_Cmd                                  0x08003d11   Thumb Code    24  stm32f10x_tim.o(.text)
    TIM_CtrlPWMOutputs                       0x08003d29   Thumb Code    30  stm32f10x_tim.o(.text)
    TIM_ITConfig                             0x08003d47   Thumb Code    18  stm32f10x_tim.o(.text)
    TIM_GenerateEvent                        0x08003d59   Thumb Code     4  stm32f10x_tim.o(.text)
    TIM_DMAConfig                            0x08003d5d   Thumb Code    10  stm32f10x_tim.o(.text)
    TIM_DMACmd                               0x08003d67   Thumb Code    18  stm32f10x_tim.o(.text)
    TIM_InternalClockConfig                  0x08003d79   Thumb Code    12  stm32f10x_tim.o(.text)
    TIM_SelectInputTrigger                   0x08003d85   Thumb Code    18  stm32f10x_tim.o(.text)
    TIM_ITRxExternalClockConfig              0x08003d97   Thumb Code    24  stm32f10x_tim.o(.text)
    TIM_TIxExternalClockConfig               0x08003daf   Thumb Code    62  stm32f10x_tim.o(.text)
    TIM_ETRConfig                            0x08003ded   Thumb Code    28  stm32f10x_tim.o(.text)
    TIM_ETRClockMode1Config                  0x08003e09   Thumb Code    54  stm32f10x_tim.o(.text)
    TIM_ETRClockMode2Config                  0x08003e3f   Thumb Code    32  stm32f10x_tim.o(.text)
    TIM_PrescalerConfig                      0x08003e5f   Thumb Code     6  stm32f10x_tim.o(.text)
    TIM_CounterModeConfig                    0x08003e65   Thumb Code    18  stm32f10x_tim.o(.text)
    TIM_EncoderInterfaceConfig               0x08003e77   Thumb Code    66  stm32f10x_tim.o(.text)
    TIM_ForcedOC1Config                      0x08003eb9   Thumb Code    18  stm32f10x_tim.o(.text)
    TIM_ForcedOC2Config                      0x08003ecb   Thumb Code    26  stm32f10x_tim.o(.text)
    TIM_ForcedOC3Config                      0x08003ee5   Thumb Code    18  stm32f10x_tim.o(.text)
    TIM_ForcedOC4Config                      0x08003ef7   Thumb Code    26  stm32f10x_tim.o(.text)
    TIM_ARRPreloadConfig                     0x08003f11   Thumb Code    24  stm32f10x_tim.o(.text)
    TIM_SelectCOM                            0x08003f29   Thumb Code    24  stm32f10x_tim.o(.text)
    TIM_SelectCCDMA                          0x08003f41   Thumb Code    24  stm32f10x_tim.o(.text)
    TIM_CCPreloadControl                     0x08003f59   Thumb Code    24  stm32f10x_tim.o(.text)
    TIM_OC1PreloadConfig                     0x08003f71   Thumb Code    18  stm32f10x_tim.o(.text)
    TIM_OC2PreloadConfig                     0x08003f83   Thumb Code    26  stm32f10x_tim.o(.text)
    TIM_OC3PreloadConfig                     0x08003f9d   Thumb Code    18  stm32f10x_tim.o(.text)
    TIM_OC4PreloadConfig                     0x08003faf   Thumb Code    26  stm32f10x_tim.o(.text)
    TIM_OC1FastConfig                        0x08003fc9   Thumb Code    18  stm32f10x_tim.o(.text)
    TIM_OC2FastConfig                        0x08003fdb   Thumb Code    26  stm32f10x_tim.o(.text)
    TIM_OC3FastConfig                        0x08003ff5   Thumb Code    18  stm32f10x_tim.o(.text)
    TIM_OC4FastConfig                        0x08004007   Thumb Code    26  stm32f10x_tim.o(.text)
    TIM_ClearOC1Ref                          0x08004021   Thumb Code    18  stm32f10x_tim.o(.text)
    TIM_ClearOC2Ref                          0x08004033   Thumb Code    24  stm32f10x_tim.o(.text)
    TIM_ClearOC3Ref                          0x0800404b   Thumb Code    18  stm32f10x_tim.o(.text)
    TIM_ClearOC4Ref                          0x0800405d   Thumb Code    24  stm32f10x_tim.o(.text)
    TIM_OC1PolarityConfig                    0x08004075   Thumb Code    18  stm32f10x_tim.o(.text)
    TIM_OC1NPolarityConfig                   0x08004087   Thumb Code    18  stm32f10x_tim.o(.text)
    TIM_OC2PolarityConfig                    0x08004099   Thumb Code    26  stm32f10x_tim.o(.text)
    TIM_OC2NPolarityConfig                   0x080040b3   Thumb Code    26  stm32f10x_tim.o(.text)
    TIM_OC3PolarityConfig                    0x080040cd   Thumb Code    26  stm32f10x_tim.o(.text)
    TIM_OC3NPolarityConfig                   0x080040e7   Thumb Code    26  stm32f10x_tim.o(.text)
    TIM_OC4PolarityConfig                    0x08004101   Thumb Code    26  stm32f10x_tim.o(.text)
    TIM_CCxCmd                               0x0800411b   Thumb Code    30  stm32f10x_tim.o(.text)
    TIM_CCxNCmd                              0x08004139   Thumb Code    30  stm32f10x_tim.o(.text)
    TIM_SelectOCxM                           0x08004157   Thumb Code    82  stm32f10x_tim.o(.text)
    TIM_UpdateDisableConfig                  0x080041a9   Thumb Code    24  stm32f10x_tim.o(.text)
    TIM_UpdateRequestConfig                  0x080041c1   Thumb Code    24  stm32f10x_tim.o(.text)
    TIM_SelectHallSensor                     0x080041d9   Thumb Code    24  stm32f10x_tim.o(.text)
    TIM_SelectOnePulseMode                   0x080041f1   Thumb Code    18  stm32f10x_tim.o(.text)
    TIM_SelectOutputTrigger                  0x08004203   Thumb Code    18  stm32f10x_tim.o(.text)
    TIM_SelectSlaveMode                      0x08004215   Thumb Code    18  stm32f10x_tim.o(.text)
    TIM_SelectMasterSlaveMode                0x08004227   Thumb Code    18  stm32f10x_tim.o(.text)
    TIM_SetCounter                           0x08004239   Thumb Code     4  stm32f10x_tim.o(.text)
    TIM_SetAutoreload                        0x0800423d   Thumb Code     4  stm32f10x_tim.o(.text)
    TIM_SetCompare1                          0x08004241   Thumb Code     4  stm32f10x_tim.o(.text)
    TIM_SetCompare2                          0x08004245   Thumb Code     4  stm32f10x_tim.o(.text)
    TIM_SetCompare3                          0x08004249   Thumb Code     4  stm32f10x_tim.o(.text)
    TIM_SetCompare4                          0x0800424d   Thumb Code     6  stm32f10x_tim.o(.text)
    TIM_SetClockDivision                     0x08004253   Thumb Code    18  stm32f10x_tim.o(.text)
    TIM_GetCapture1                          0x08004265   Thumb Code     6  stm32f10x_tim.o(.text)
    TIM_GetCapture2                          0x0800426b   Thumb Code     6  stm32f10x_tim.o(.text)
    TIM_GetCapture3                          0x08004271   Thumb Code     6  stm32f10x_tim.o(.text)
    TIM_GetCapture4                          0x08004277   Thumb Code     8  stm32f10x_tim.o(.text)
    TIM_GetCounter                           0x0800427f   Thumb Code     6  stm32f10x_tim.o(.text)
    TIM_GetPrescaler                         0x08004285   Thumb Code     6  stm32f10x_tim.o(.text)
    TIM_GetFlagStatus                        0x0800428b   Thumb Code    18  stm32f10x_tim.o(.text)
    TIM_ClearFlag                            0x0800429d   Thumb Code     6  stm32f10x_tim.o(.text)
    TIM_GetITStatus                          0x080042a3   Thumb Code    34  stm32f10x_tim.o(.text)
    TIM_ClearITPendingBit                    0x080042c5   Thumb Code     6  stm32f10x_tim.o(.text)
    USART_DeInit                             0x080042cd   Thumb Code   134  stm32f10x_usart.o(.text)
    USART_Init                               0x08004353   Thumb Code   210  stm32f10x_usart.o(.text)
    USART_StructInit                         0x08004425   Thumb Code    24  stm32f10x_usart.o(.text)
    USART_ClockInit                          0x0800443d   Thumb Code    34  stm32f10x_usart.o(.text)
    USART_ClockStructInit                    0x0800445f   Thumb Code    12  stm32f10x_usart.o(.text)
    USART_Cmd                                0x0800446b   Thumb Code    24  stm32f10x_usart.o(.text)
    USART_ITConfig                           0x08004483   Thumb Code    74  stm32f10x_usart.o(.text)
    USART_DMACmd                             0x080044cd   Thumb Code    18  stm32f10x_usart.o(.text)
    USART_SetAddress                         0x080044df   Thumb Code    18  stm32f10x_usart.o(.text)
    USART_WakeUpConfig                       0x080044f1   Thumb Code    18  stm32f10x_usart.o(.text)
    USART_ReceiverWakeUpCmd                  0x08004503   Thumb Code    24  stm32f10x_usart.o(.text)
    USART_LINBreakDetectLengthConfig         0x0800451b   Thumb Code    18  stm32f10x_usart.o(.text)
    USART_LINCmd                             0x0800452d   Thumb Code    24  stm32f10x_usart.o(.text)
    USART_SendData                           0x08004545   Thumb Code     8  stm32f10x_usart.o(.text)
    USART_ReceiveData                        0x0800454d   Thumb Code    10  stm32f10x_usart.o(.text)
    USART_SendBreak                          0x08004557   Thumb Code    10  stm32f10x_usart.o(.text)
    USART_SetGuardTime                       0x08004561   Thumb Code    16  stm32f10x_usart.o(.text)
    USART_SetPrescaler                       0x08004571   Thumb Code    16  stm32f10x_usart.o(.text)
    USART_SmartCardCmd                       0x08004581   Thumb Code    24  stm32f10x_usart.o(.text)
    USART_SmartCardNACKCmd                   0x08004599   Thumb Code    24  stm32f10x_usart.o(.text)
    USART_HalfDuplexCmd                      0x080045b1   Thumb Code    24  stm32f10x_usart.o(.text)
    USART_OverSampling8Cmd                   0x080045c9   Thumb Code    22  stm32f10x_usart.o(.text)
    USART_OneBitMethodCmd                    0x080045df   Thumb Code    24  stm32f10x_usart.o(.text)
    USART_IrDAConfig                         0x080045f7   Thumb Code    18  stm32f10x_usart.o(.text)
    USART_IrDACmd                            0x08004609   Thumb Code    24  stm32f10x_usart.o(.text)
    USART_GetFlagStatus                      0x08004621   Thumb Code    26  stm32f10x_usart.o(.text)
    USART_ClearFlag                          0x0800463b   Thumb Code    18  stm32f10x_usart.o(.text)
    USART_GetITStatus                        0x0800464d   Thumb Code    84  stm32f10x_usart.o(.text)
    USART_ClearITPendingBit                  0x080046a1   Thumb Code    52  stm32f10x_usart.o(.text)
    SPI_I2S_DeInit                           0x080046d5   Thumb Code    76  stm32f10x_spi.o(.text)
    SPI_Init                                 0x08004721   Thumb Code    60  stm32f10x_spi.o(.text)
    I2S_Init                                 0x0800475d   Thumb Code   226  stm32f10x_spi.o(.text)
    SPI_StructInit                           0x0800483f   Thumb Code    24  stm32f10x_spi.o(.text)
    I2S_StructInit                           0x08004857   Thumb Code    20  stm32f10x_spi.o(.text)
    SPI_Cmd                                  0x0800486b   Thumb Code    24  stm32f10x_spi.o(.text)
    I2S_Cmd                                  0x08004883   Thumb Code    24  stm32f10x_spi.o(.text)
    SPI_I2S_ITConfig                         0x0800489b   Thumb Code    32  stm32f10x_spi.o(.text)
    SPI_I2S_DMACmd                           0x080048bb   Thumb Code    18  stm32f10x_spi.o(.text)
    SPI_I2S_SendData                         0x080048cd   Thumb Code     4  stm32f10x_spi.o(.text)
    SPI_I2S_ReceiveData                      0x080048d1   Thumb Code     6  stm32f10x_spi.o(.text)
    SPI_NSSInternalSoftwareConfig            0x080048d7   Thumb Code    30  stm32f10x_spi.o(.text)
    SPI_SSOutputCmd                          0x080048f5   Thumb Code    24  stm32f10x_spi.o(.text)
    SPI_DataSizeConfig                       0x0800490d   Thumb Code    18  stm32f10x_spi.o(.text)
    SPI_TransmitCRC                          0x0800491f   Thumb Code    10  stm32f10x_spi.o(.text)
    SPI_CalculateCRC                         0x08004929   Thumb Code    24  stm32f10x_spi.o(.text)
    SPI_GetCRC                               0x08004941   Thumb Code    16  stm32f10x_spi.o(.text)
    SPI_GetCRCPolynomial                     0x08004951   Thumb Code     6  stm32f10x_spi.o(.text)
    SPI_BiDirectionalLineConfig              0x08004957   Thumb Code    28  stm32f10x_spi.o(.text)
    SPI_I2S_GetFlagStatus                    0x08004973   Thumb Code    18  stm32f10x_spi.o(.text)
    SPI_I2S_ClearFlag                        0x08004985   Thumb Code     6  stm32f10x_spi.o(.text)
    SPI_I2S_GetITStatus                      0x0800498b   Thumb Code    52  stm32f10x_spi.o(.text)
    SPI_I2S_ClearITPendingBit                0x080049bf   Thumb Code    20  stm32f10x_spi.o(.text)
    Data_Send_Status                         0x080049e1   Thumb Code   250  main.o(.text)
    main                                     0x08004adb   Thumb Code   512  main.o(.text)
    NMI_Handler                              0x08004d19   Thumb Code     2  stm32f10x_it.o(.text)
    HardFault_Handler                        0x08004d1b   Thumb Code     4  stm32f10x_it.o(.text)
    MemManage_Handler                        0x08004d1f   Thumb Code     4  stm32f10x_it.o(.text)
    BusFault_Handler                         0x08004d23   Thumb Code     4  stm32f10x_it.o(.text)
    UsageFault_Handler                       0x08004d27   Thumb Code     4  stm32f10x_it.o(.text)
    SVC_Handler                              0x08004d2b   Thumb Code     2  stm32f10x_it.o(.text)
    DebugMon_Handler                         0x08004d2d   Thumb Code     2  stm32f10x_it.o(.text)
    PendSV_Handler                           0x08004d2f   Thumb Code     2  stm32f10x_it.o(.text)
    SysTick_Handler                          0x08004d31   Thumb Code     2  stm32f10x_it.o(.text)
    Reset_Handler                            0x08004d35   Thumb Code     8  startup_stm32f10x_md.o(.text)
    ADC1_2_IRQHandler                        0x08004d4f   Thumb Code     0  startup_stm32f10x_md.o(.text)
    CAN1_RX1_IRQHandler                      0x08004d4f   Thumb Code     0  startup_stm32f10x_md.o(.text)
    CAN1_SCE_IRQHandler                      0x08004d4f   Thumb Code     0  startup_stm32f10x_md.o(.text)
    DMA1_Channel1_IRQHandler                 0x08004d4f   Thumb Code     0  startup_stm32f10x_md.o(.text)
    DMA1_Channel2_IRQHandler                 0x08004d4f   Thumb Code     0  startup_stm32f10x_md.o(.text)
    DMA1_Channel3_IRQHandler                 0x08004d4f   Thumb Code     0  startup_stm32f10x_md.o(.text)
    DMA1_Channel4_IRQHandler                 0x08004d4f   Thumb Code     0  startup_stm32f10x_md.o(.text)
    DMA1_Channel5_IRQHandler                 0x08004d4f   Thumb Code     0  startup_stm32f10x_md.o(.text)
    DMA1_Channel6_IRQHandler                 0x08004d4f   Thumb Code     0  startup_stm32f10x_md.o(.text)
    DMA1_Channel7_IRQHandler                 0x08004d4f   Thumb Code     0  startup_stm32f10x_md.o(.text)
    EXTI0_IRQHandler                         0x08004d4f   Thumb Code     0  startup_stm32f10x_md.o(.text)
    EXTI15_10_IRQHandler                     0x08004d4f   Thumb Code     0  startup_stm32f10x_md.o(.text)
    EXTI1_IRQHandler                         0x08004d4f   Thumb Code     0  startup_stm32f10x_md.o(.text)
    EXTI2_IRQHandler                         0x08004d4f   Thumb Code     0  startup_stm32f10x_md.o(.text)
    EXTI3_IRQHandler                         0x08004d4f   Thumb Code     0  startup_stm32f10x_md.o(.text)
    EXTI4_IRQHandler                         0x08004d4f   Thumb Code     0  startup_stm32f10x_md.o(.text)
    EXTI9_5_IRQHandler                       0x08004d4f   Thumb Code     0  startup_stm32f10x_md.o(.text)
    FLASH_IRQHandler                         0x08004d4f   Thumb Code     0  startup_stm32f10x_md.o(.text)
    I2C1_ER_IRQHandler                       0x08004d4f   Thumb Code     0  startup_stm32f10x_md.o(.text)
    I2C1_EV_IRQHandler                       0x08004d4f   Thumb Code     0  startup_stm32f10x_md.o(.text)
    I2C2_ER_IRQHandler                       0x08004d4f   Thumb Code     0  startup_stm32f10x_md.o(.text)
    I2C2_EV_IRQHandler                       0x08004d4f   Thumb Code     0  startup_stm32f10x_md.o(.text)
    PVD_IRQHandler                           0x08004d4f   Thumb Code     0  startup_stm32f10x_md.o(.text)
    RCC_IRQHandler                           0x08004d4f   Thumb Code     0  startup_stm32f10x_md.o(.text)
    RTCAlarm_IRQHandler                      0x08004d4f   Thumb Code     0  startup_stm32f10x_md.o(.text)
    RTC_IRQHandler                           0x08004d4f   Thumb Code     0  startup_stm32f10x_md.o(.text)
    SPI1_IRQHandler                          0x08004d4f   Thumb Code     0  startup_stm32f10x_md.o(.text)
    SPI2_IRQHandler                          0x08004d4f   Thumb Code     0  startup_stm32f10x_md.o(.text)
    TAMPER_IRQHandler                        0x08004d4f   Thumb Code     0  startup_stm32f10x_md.o(.text)
    TIM1_BRK_IRQHandler                      0x08004d4f   Thumb Code     0  startup_stm32f10x_md.o(.text)
    TIM1_CC_IRQHandler                       0x08004d4f   Thumb Code     0  startup_stm32f10x_md.o(.text)
    TIM1_TRG_COM_IRQHandler                  0x08004d4f   Thumb Code     0  startup_stm32f10x_md.o(.text)
    TIM1_UP_IRQHandler                       0x08004d4f   Thumb Code     0  startup_stm32f10x_md.o(.text)
    TIM2_IRQHandler                          0x08004d4f   Thumb Code     0  startup_stm32f10x_md.o(.text)
    TIM4_IRQHandler                          0x08004d4f   Thumb Code     0  startup_stm32f10x_md.o(.text)
    USART2_IRQHandler                        0x08004d4f   Thumb Code     0  startup_stm32f10x_md.o(.text)
    USART3_IRQHandler                        0x08004d4f   Thumb Code     0  startup_stm32f10x_md.o(.text)
    USBWakeUp_IRQHandler                     0x08004d4f   Thumb Code     0  startup_stm32f10x_md.o(.text)
    USB_HP_CAN1_TX_IRQHandler                0x08004d4f   Thumb Code     0  startup_stm32f10x_md.o(.text)
    USB_LP_CAN1_RX0_IRQHandler               0x08004d4f   Thumb Code     0  startup_stm32f10x_md.o(.text)
    WWDG_IRQHandler                          0x08004d4f   Thumb Code     0  startup_stm32f10x_md.o(.text)
    __aeabi_fadd                             0x08004d59   Thumb Code   164  fadd.o(.text)
    __aeabi_fsub                             0x08004dfd   Thumb Code     6  fadd.o(.text)
    __aeabi_frsub                            0x08004e03   Thumb Code     6  fadd.o(.text)
    __aeabi_fmul                             0x08004e09   Thumb Code   100  fmul.o(.text)
    __aeabi_fdiv                             0x08004e6d   Thumb Code   124  fdiv.o(.text)
    __aeabi_dadd                             0x08004ee9   Thumb Code   322  dadd.o(.text)
    __aeabi_dsub                             0x0800502b   Thumb Code     6  dadd.o(.text)
    __aeabi_drsub                            0x08005031   Thumb Code     6  dadd.o(.text)
    __aeabi_dmul                             0x08005037   Thumb Code   228  dmul.o(.text)
    __aeabi_ddiv                             0x0800511b   Thumb Code   222  ddiv.o(.text)
    __aeabi_i2f                              0x080051f9   Thumb Code    18  fflti.o(.text)
    __aeabi_ui2f                             0x0800520b   Thumb Code    10  ffltui.o(.text)
    __aeabi_i2d                              0x08005215   Thumb Code    34  dflti.o(.text)
    __aeabi_f2iz                             0x08005237   Thumb Code    50  ffixi.o(.text)
    __aeabi_f2uiz                            0x08005269   Thumb Code    40  ffixui.o(.text)
    __aeabi_d2iz                             0x08005291   Thumb Code    62  dfixi.o(.text)
    __aeabi_f2d                              0x080052cf   Thumb Code    38  f2d.o(.text)
    __aeabi_cdrcmple                         0x080052f5   Thumb Code    38  cdrcmple.o(.text)
    __aeabi_d2f                              0x0800531d   Thumb Code    56  d2f.o(.text)
    __aeabi_cfcmpeq                          0x08005355   Thumb Code     0  cfcmple.o(.text)
    __aeabi_cfcmple                          0x08005355   Thumb Code    20  cfcmple.o(.text)
    __aeabi_cfrcmple                         0x08005369   Thumb Code    20  cfrcmple.o(.text)
    __aeabi_llsl                             0x0800537d   Thumb Code    30  llshl.o(.text)
    _ll_shift_l                              0x0800537d   Thumb Code     0  llshl.o(.text)
    __aeabi_llsr                             0x0800539b   Thumb Code    32  llushr.o(.text)
    _ll_ushift_r                             0x0800539b   Thumb Code     0  llushr.o(.text)
    __aeabi_lasr                             0x080053bb   Thumb Code    36  llsshr.o(.text)
    _ll_sshift_r                             0x080053bb   Thumb Code     0  llsshr.o(.text)
    __I$use$fp                               0x080053df   Thumb Code     0  iusefp.o(.text)
    _float_round                             0x080053df   Thumb Code    18  fepilogue.o(.text)
    _float_epilogue                          0x080053f1   Thumb Code    92  fepilogue.o(.text)
    _double_round                            0x0800544d   Thumb Code    26  depilogue.o(.text)
    _double_epilogue                         0x08005467   Thumb Code   156  depilogue.o(.text)
    __ARM_scalbn                             0x08005503   Thumb Code    46  dscalb.o(.text)
    scalbn                                   0x08005503   Thumb Code     0  dscalb.o(.text)
    _dsqrt                                   0x08005531   Thumb Code   162  dsqrt.o(.text)
    __scatterload                            0x080055d5   Thumb Code    28  init.o(.text)
    __scatterload_rt2                        0x080055d5   Thumb Code     0  init.o(.text)
    __decompress                             0x080055f9   Thumb Code     0  __dczerorl2.o(.text)
    __decompress1                            0x080055f9   Thumb Code    86  __dczerorl2.o(.text)
    __ARM_fpclassify                         0x0800564f   Thumb Code    40  fpclassify.o(i.__ARM_fpclassify)
    __kernel_poly                            0x08005677   Thumb Code   170  poly.o(i.__kernel_poly)
    __mathlib_dbl_underflow                  0x08005721   Thumb Code    10  dunder.o(i.__mathlib_dbl_underflow)
    __scatterload_copy                       0x08005731   Thumb Code    14  handlers.o(i.__scatterload_copy)
    __scatterload_null                       0x0800573f   Thumb Code     2  handlers.o(i.__scatterload_null)
    __scatterload_zeroinit                   0x08005741   Thumb Code    14  handlers.o(i.__scatterload_zeroinit)
    __set_errno                              0x08005751   Thumb Code     6  errno.o(i.__set_errno)
    asin                                     0x0800575d   Thumb Code   584  asin.o(i.asin)
    atan                                     0x080059d9   Thumb Code   478  atan.o(i.atan)
    atan2                                    0x08005bfd   Thumb Code   346  atan2.o(i.atan2)
    sqrt                                     0x08005d7d   Thumb Code    76  sqrt.o(i.sqrt)
    __mathlib_zero                           0x08005eb0   Data           8  qnan.o(.constdata)
    Region$$Table$$Base                      0x08005eb8   Number         0  anon$$obj.o(Region$$Table)
    Region$$Table$$Limit                     0x08005ed8   Number         0  anon$$obj.o(Region$$Table)
    SystemCoreClock                          0x20000000   Data           4  system_stm32f10x.o(.data)
    AHBPrescTable                            0x20000004   Data          16  system_stm32f10x.o(.data)
    HMC5883_lastx                            0x20000018   Data           4  hmc5883l.o(.data)
    HMC5883_lasty                            0x2000001c   Data           4  hmc5883l.o(.data)
    HMC5883_lastz                            0x20000020   Data           4  hmc5883l.o(.data)
    lastUpdate                               0x20000024   Data           4  imu.o(.data)
    now                                      0x20000028   Data           4  imu.o(.data)
    exInt                                    0x2000002c   Data           4  imu.o(.data)
    eyInt                                    0x20000030   Data           4  imu.o(.data)
    ezInt                                    0x20000034   Data           4  imu.o(.data)
    q0                                       0x20000038   Data           4  imu.o(.data)
    q1                                       0x2000003c   Data           4  imu.o(.data)
    q2                                       0x20000040   Data           4  imu.o(.data)
    q3                                       0x20000044   Data           4  imu.o(.data)
    integralFBhand                           0x20000048   Data           4  imu.o(.data)
    handdiff                                 0x2000004c   Data           4  imu.o(.data)
    Gx_offset                                0x20000050   Data           2  mpu6050.o(.data)
    Gy_offset                                0x20000052   Data           2  mpu6050.o(.data)
    Gz_offset                                0x20000054   Data           2  mpu6050.o(.data)
    Ax_offset                                0x20000056   Data           2  mpu6050.o(.data)
    Ay_offset                                0x20000058   Data           2  mpu6050.o(.data)
    Az_offset                                0x2000005a   Data           2  mpu6050.o(.data)
    MPU6050_Lastax                           0x2000005c   Data           2  mpu6050.o(.data)
    MPU6050_Lastay                           0x2000005e   Data           2  mpu6050.o(.data)
    MPU6050_Lastaz                           0x20000060   Data           2  mpu6050.o(.data)
    MPU6050_Lastgx                           0x20000062   Data           2  mpu6050.o(.data)
    MPU6050_Lastgy                           0x20000064   Data           2  mpu6050.o(.data)
    MPU6050_Lastgz                           0x20000066   Data           2  mpu6050.o(.data)
    pid_roll                                 0x20000068   Data           4  pid.o(.data)
    pid_pitch                                0x2000006c   Data           4  pid.o(.data)
    pid_yaw                                  0x20000070   Data           4  pid.o(.data)
    PID_ROLL_KP                              0x20000074   Data           4  pid.o(.data)
    PID_ROLL_KI                              0x20000078   Data           4  pid.o(.data)
    PID_ROLL_KD                              0x2000007c   Data           4  pid.o(.data)
    test                                     0x20000080   Data           4  pid.o(.data)
    PID_PITCH_KP                             0x20000084   Data           4  pid.o(.data)
    PID_PITCH_KI                             0x20000088   Data           4  pid.o(.data)
    PID_PITCH_KD                             0x2000008c   Data           4  pid.o(.data)
    PID_YAW_KP                               0x20000090   Data           4  pid.o(.data)
    PID_YAW_KI                               0x20000094   Data           4  pid.o(.data)
    PID_YAW_KD                               0x20000098   Data           4  pid.o(.data)
    pitch_croe_KP                            0x2000009c   Data           4  pid.o(.data)
    pitch_croe_KI                            0x200000a0   Data           4  pid.o(.data)
    pitch_croe_KD                            0x200000a4   Data           4  pid.o(.data)
    roll_croe_KP                             0x200000a8   Data           4  pid.o(.data)
    roll_croe_KI                             0x200000ac   Data           4  pid.o(.data)
    roll_croe_KD                             0x200000b0   Data           4  pid.o(.data)
    yaw_croe_KP                              0x200000b4   Data           4  pid.o(.data)
    yaw_croe_KI                              0x200000b8   Data           4  pid.o(.data)
    yaw_croe_KD                              0x200000bc   Data           4  pid.o(.data)
    TX_ADDRESS                               0x200000c4   Data          19  spi_nrf.o(.data)
    RX_ADDRESS                               0x200000d7   Data          32  spi_nrf.o(.data)
    cnt_2ms                                  0x2000010c   Data           2  main.o(.data)
    cnt_5ms                                  0x2000010e   Data           2  main.o(.data)
    cnt_10ms                                 0x20000110   Data           2  main.o(.data)
    cnt_20ms                                 0x20000112   Data           2  main.o(.data)
    expect_roll                              0x20000114   Data           4  main.o(.data)
    expect_pitch                             0x20000118   Data           4  main.o(.data)
    expect_yaw                               0x2000011c   Data           4  main.o(.data)
    Moto_Thr                                 0x20000120   Data           4  main.o(.data)
    status_RT                                0x20000124   Data           1  main.o(.data)
    status                                   0x20000125   Data           1  main.o(.data)
    HMC5883_FIFO                             0x2000012c   Data          66  hmc5883l.o(.bss)
    buffer                                   0x2000017c   Data          14  mpu6050.o(.bss)
    MPU6050_FIFO                             0x2000018a   Data         132  mpu6050.o(.bss)
    pidRoll                                  0x20000210   Data          48  pid.o(.bss)
    pidPitch                                 0x20000240   Data          48  pid.o(.bss)
    pidYaw                                   0x20000270   Data          48  pid.o(.bss)
    pid_core_roll                            0x200002a0   Data          48  pid.o(.bss)
    pid_core_pitch                           0x200002d0   Data          48  pid.o(.bss)
    pid_core_yaw                             0x20000300   Data          48  pid.o(.bss)
    mygetqval                                0x20000330   Data          36  pid.o(.bss)
    ypr                                      0x20000354   Data          12  main.o(.bss)
    MOTO                                     0x20000360   Data          16  main.o(.bss)
    MOTO_TX                                  0x20000370   Data          16  main.o(.bss)
    rxbuf                                    0x20000380   Data          30  main.o(.bss)
    __initial_sp                             0x200007a0   Data           0  startup_stm32f10x_md.o(STACK)



==============================================================================

Memory Map of the image

  Image Entry point : 0x08004d35

  Load Region LR_1 (Base: 0x08000000, Size: 0x00006004, Max: 0xffffffff, ABSOLUTE, COMPRESSED[0x00005f04])

    Execution Region ER_RO (Base: 0x08000000, Size: 0x00005ed8, Max: 0xffffffff, ABSOLUTE)

    Base Addr    Size         Type   Attr      Idx    E Section Name        Object

    0x08000000   0x000000ec   Data   RO          473    RESET               startup_stm32f10x_md.o
    0x080000ec   0x00000000   Code   RO          514  * .ARM.Collect$$$$00000000  mc_w.l(entry.o)
    0x080000ec   0x00000004   Code   RO          558    .ARM.Collect$$$$00000001  mc_w.l(entry2.o)
    0x080000f0   0x00000004   Code   RO          561    .ARM.Collect$$$$00000004  mc_w.l(entry5.o)
    0x080000f4   0x00000000   Code   RO          563    .ARM.Collect$$$$00000008  mc_w.l(entry7b.o)
    0x080000f4   0x00000000   Code   RO          565    .ARM.Collect$$$$0000000A  mc_w.l(entry8b.o)
    0x080000f4   0x00000008   Code   RO          566    .ARM.Collect$$$$0000000B  mc_w.l(entry9a.o)
    0x080000fc   0x00000000   Code   RO          568    .ARM.Collect$$$$0000000D  mc_w.l(entry10a.o)
    0x080000fc   0x00000000   Code   RO          570    .ARM.Collect$$$$0000000F  mc_w.l(entry11a.o)
    0x080000fc   0x00000004   Code   RO          559    .ARM.Collect$$$$00002712  mc_w.l(entry2.o)
    0x08000100   0x000001e0   Code   RO           17    .text               system_stm32f10x.o
    0x080002e0   0x00000070   Code   RO           72    .text               delay.o
    0x08000350   0x00000214   Code   RO          106    .text               hmc5883l.o
    0x08000564   0x0000056c   Code   RO          128    .text               i2c.o
    0x08000ad0   0x00000f60   Code   RO          140    .text               imu.o
    0x08001a30   0x00000570   Code   RO          178    .text               mpu6050.o
    0x08001fa0   0x00000108   Code   RO          197    .text               pwm.o
    0x080020a8   0x0000018c   Code   RO          212    .text               usart.o
    0x08002234   0x0000059c   Code   RO          224    .text               pid.o
    0x080027d0   0x0000008c   Code   RO          243    .text               led.o
    0x0800285c   0x000003c0   Code   RO          258    .text               spi_nrf.o
    0x08002c1c   0x000000b8   Code   RO          277    .text               timer.o
    0x08002cd4   0x000000dc   Code   RO          293    .text               misc.o
    0x08002db0   0x0000035c   Code   RO          332    .text               stm32f10x_gpio.o
    0x0800310c   0x000003a4   Code   RO          356    .text               stm32f10x_rcc.o
    0x080034b0   0x00000e1a   Code   RO          370    .text               stm32f10x_tim.o
    0x080042ca   0x00000002   PAD
    0x080042cc   0x00000408   Code   RO          382    .text               stm32f10x_usart.o
    0x080046d4   0x0000030c   Code   RO          394    .text               stm32f10x_spi.o
    0x080049e0   0x00000338   Code   RO          406    .text               main.o
    0x08004d18   0x0000001a   Code   RO          456    .text               stm32f10x_it.o
    0x08004d32   0x00000002   PAD
    0x08004d34   0x00000024   Code   RO          474  * .text               startup_stm32f10x_md.o
    0x08004d58   0x000000b0   Code   RO          517    .text               mf_w.l(fadd.o)
    0x08004e08   0x00000064   Code   RO          519    .text               mf_w.l(fmul.o)
    0x08004e6c   0x0000007c   Code   RO          521    .text               mf_w.l(fdiv.o)
    0x08004ee8   0x0000014e   Code   RO          523    .text               mf_w.l(dadd.o)
    0x08005036   0x000000e4   Code   RO          525    .text               mf_w.l(dmul.o)
    0x0800511a   0x000000de   Code   RO          527    .text               mf_w.l(ddiv.o)
    0x080051f8   0x00000012   Code   RO          529    .text               mf_w.l(fflti.o)
    0x0800520a   0x0000000a   Code   RO          531    .text               mf_w.l(ffltui.o)
    0x08005214   0x00000022   Code   RO          533    .text               mf_w.l(dflti.o)
    0x08005236   0x00000032   Code   RO          535    .text               mf_w.l(ffixi.o)
    0x08005268   0x00000028   Code   RO          537    .text               mf_w.l(ffixui.o)
    0x08005290   0x0000003e   Code   RO          539    .text               mf_w.l(dfixi.o)
    0x080052ce   0x00000026   Code   RO          541    .text               mf_w.l(f2d.o)
    0x080052f4   0x00000028   Code   RO          543    .text               mf_w.l(cdrcmple.o)
    0x0800531c   0x00000038   Code   RO          545    .text               mf_w.l(d2f.o)
    0x08005354   0x00000014   Code   RO          547    .text               mf_w.l(cfcmple.o)
    0x08005368   0x00000014   Code   RO          549    .text               mf_w.l(cfrcmple.o)
    0x0800537c   0x0000001e   Code   RO          572    .text               mc_w.l(llshl.o)
    0x0800539a   0x00000020   Code   RO          574    .text               mc_w.l(llushr.o)
    0x080053ba   0x00000024   Code   RO          576    .text               mc_w.l(llsshr.o)
    0x080053de   0x00000000   Code   RO          585    .text               mc_w.l(iusefp.o)
    0x080053de   0x0000006e   Code   RO          586    .text               mf_w.l(fepilogue.o)
    0x0800544c   0x000000b6   Code   RO          588    .text               mf_w.l(depilogue.o)
    0x08005502   0x0000002e   Code   RO          590    .text               mf_w.l(dscalb.o)
    0x08005530   0x000000a2   Code   RO          592    .text               mf_w.l(dsqrt.o)
    0x080055d2   0x00000002   PAD
    0x080055d4   0x00000024   Code   RO          596    .text               mc_w.l(init.o)
    0x080055f8   0x00000056   Code   RO          606    .text               mc_w.l(__dczerorl2.o)
    0x0800564e   0x00000028   Code   RO          553    i.__ARM_fpclassify  m_ws.l(fpclassify.o)
    0x08005676   0x000000aa   Code   RO          555    i.__kernel_poly     m_ws.l(poly.o)
    0x08005720   0x00000010   Code   RO          551    i.__mathlib_dbl_underflow  m_ws.l(dunder.o)
    0x08005730   0x0000000e   Code   RO          600    i.__scatterload_copy  mc_w.l(handlers.o)
    0x0800573e   0x00000002   Code   RO          601    i.__scatterload_null  mc_w.l(handlers.o)
    0x08005740   0x0000000e   Code   RO          602    i.__scatterload_zeroinit  mc_w.l(handlers.o)
    0x0800574e   0x00000002   PAD
    0x08005750   0x0000000c   Code   RO          580    i.__set_errno       mc_w.l(errno.o)
    0x0800575c   0x0000027c   Code   RO          479    i.asin              m_ws.l(asin.o)
    0x080059d8   0x00000224   Code   RO          489    i.atan              m_ws.l(atan.o)
    0x08005bfc   0x00000180   Code   RO          499    i.atan2             m_ws.l(atan2.o)
    0x08005d7c   0x0000004c   Code   RO          507    i.sqrt              m_ws.l(sqrt.o)
    0x08005dc8   0x00000050   Data   RO          480    .constdata          m_ws.l(asin.o)
    0x08005e18   0x00000098   Data   RO          490    .constdata          m_ws.l(atan.o)
    0x08005eb0   0x00000008   Data   RO          557    .constdata          m_ws.l(qnan.o)
    0x08005eb8   0x00000020   Data   RO          598    Region$$Table       anon$$obj.o


    Execution Region ER_RW (Base: 0x20000000, Size: 0x0000012c, Max: 0xffffffff, ABSOLUTE, COMPRESSED[0x0000002c])

    Base Addr    Size         Type   Attr      Idx    E Section Name        Object

    0x20000000   0x00000014   Data   RW           18    .data               system_stm32f10x.o
    0x20000014   0x00000004   Data   RW           73    .data               delay.o
    0x20000018   0x0000000c   Data   RW          108    .data               hmc5883l.o
    0x20000024   0x0000002c   Data   RW          142    .data               imu.o
    0x20000050   0x00000018   Data   RW          180    .data               mpu6050.o
    0x20000068   0x0000005c   Data   RW          226    .data               pid.o
    0x200000c4   0x00000033   Data   RW          260    .data               spi_nrf.o
    0x200000f7   0x00000014   Data   RW          357    .data               stm32f10x_rcc.o
    0x2000010b   0x00000001   PAD
    0x2000010c   0x0000001a   Data   RW          408    .data               main.o
    0x20000126   0x00000002   PAD
    0x20000128   0x00000004   Data   RW          581    .data               mc_w.l(errno.o)


    Execution Region ER_ZI (Base: 0x2000012c, Size: 0x00000674, Max: 0xffffffff, ABSOLUTE)

    Base Addr    Size         Type   Attr      Idx    E Section Name        Object

    0x2000012c   0x00000042   Zero   RW          107    .bss                hmc5883l.o
    0x2000016e   0x00000002   PAD
    0x20000170   0x0000000c   Zero   RW          141    .bss                imu.o
    0x2000017c   0x00000092   Zero   RW          179    .bss                mpu6050.o
    0x2000020e   0x00000002   PAD
    0x20000210   0x00000144   Zero   RW          225    .bss                pid.o
    0x20000354   0x0000004a   Zero   RW          407    .bss                main.o
    0x2000039e   0x00000002   PAD
    0x200003a0   0x00000400   Zero   RW          471    STACK               startup_stm32f10x_md.o


==============================================================================

Image component sizes


      Code (inc. data)   RO Data    RW Data    ZI Data      Debug   Object Name

         0          0          0          0          0       4296   core_cm3.o
       112          8          0          4          0     204203   delay.o
       532         18          0         12         66       2487   hmc5883l.o
      1388         10          0          0          0       4385   i2c.o
      3936        188          0         44         12       5020   imu.o
       140         14          0          0          0        478   led.o
       824         62          0         26         74       2630   main.o
       220         22          0          0          0       1673   misc.o
      1392         60          0         24        146       4376   mpu6050.o
      1436        168          0         92        324       4522   pid.o
       264          4          0          0          0       1070   pwm.o
       960         28          0         51          0       3932   spi_nrf.o
        36          8        236          0       1024        760   startup_stm32f10x_md.o
       860         38          0          0          0       5517   stm32f10x_gpio.o
        26          0          0          0          0       1158   stm32f10x_it.o
       932         36          0         20          0       8632   stm32f10x_rcc.o
       780         14          0          0          0       6398   stm32f10x_spi.o
      3610         88          0          0          0      22000   stm32f10x_tim.o
      1032         22          0          0          0       8240   stm32f10x_usart.o
       480         38          0         20          0      51775   system_stm32f10x.o
       184         22          0          0          0        642   timer.o
       396         10          0          0          0       1380   usart.o

    ----------------------------------------------------------------------
     19544        858        268        296       1652     345574   Object Totals
         0          0         32          0          0          0   (incl. Generated)
         4          0          0          3          6          0   (incl. Padding)

    ----------------------------------------------------------------------

      Code (inc. data)   RO Data    RW Data    ZI Data      Debug   Library Member Name

       636         52         80          0          0        168   asin.o
       548         70        152          0          0        124   atan.o
       384         38          0          0          0        144   atan2.o
        16          6          0          0          0         68   dunder.o
        40          0          0          0          0         68   fpclassify.o
       170          0          0          0          0         96   poly.o
         0          0          8          0          0          0   qnan.o
        76          0          0          0          0         84   sqrt.o
        86          0          0          0          0          0   __dczerorl2.o
         0          0          0          0          0          0   entry.o
         0          0          0          0          0          0   entry10a.o
         0          0          0          0          0          0   entry11a.o
         8          4          0          0          0          0   entry2.o
         4          0          0          0          0          0   entry5.o
         0          0          0          0          0          0   entry7b.o
         0          0          0          0          0          0   entry8b.o
         8          4          0          0          0          0   entry9a.o
        12          6          0          4          0         68   errno.o
        30          0          0          0          0          0   handlers.o
        36          8          0          0          0         68   init.o
         0          0          0          0          0          0   iusefp.o
        30          0          0          0          0         68   llshl.o
        36          0          0          0          0         68   llsshr.o
        32          0          0          0          0         68   llushr.o
        40          2          0          0          0         68   cdrcmple.o
        20          0          0          0          0         68   cfcmple.o
        20          0          0          0          0         68   cfrcmple.o
        56          0          0          0          0         88   d2f.o
       334          0          0          0          0        148   dadd.o
       222          0          0          0          0        100   ddiv.o
       182          0          0          0          0        176   depilogue.o
        62          0          0          0          0         80   dfixi.o
        34          0          0          0          0         76   dflti.o
       228          0          0          0          0         96   dmul.o
        46          0          0          0          0         80   dscalb.o
       162          0          0          0          0        100   dsqrt.o
        38          0          0          0          0         68   f2d.o
       176          0          0          0          0        140   fadd.o
       124          0          0          0          0         88   fdiv.o
       110          0          0          0          0        168   fepilogue.o
        50          0          0          0          0         68   ffixi.o
        40          0          0          0          0         68   ffixui.o
        18          0          0          0          0         68   fflti.o
        10          0          0          0          0         68   ffltui.o
       100          0          0          0          0         76   fmul.o

    ----------------------------------------------------------------------
      4228        190        240          4          0       3052   Library Totals
         4          0          0          0          0          0   (incl. Padding)

    ----------------------------------------------------------------------

      Code (inc. data)   RO Data    RW Data    ZI Data      Debug   Library Name

      1870        166        240          0          0        752   m_ws.l
       282         22          0          4          0        340   mc_w.l
      2072          2          0          0          0       1960   mf_w.l

    ----------------------------------------------------------------------
      4228        190        240          4          0       3052   Library Totals

    ----------------------------------------------------------------------

==============================================================================


      Code (inc. data)   RO Data    RW Data    ZI Data      Debug   

     23772       1048        508        300       1652     345790   Grand Totals
     23772       1048        508         44       1652     345790   ELF Image Totals (compressed)
     23772       1048        508         44          0          0   ROM Totals

==============================================================================

    Total RO  Size (Code + RO Data)                24280 (  23.71kB)
    Total RW  Size (RW Data + ZI Data)              1952 (   1.91kB)
    Total ROM Size (Code + RO Data + RW Data)      24324 (  23.75kB)

==============================================================================

