<html>
<body>
<pre>
<h1>µVision Build Log</h1>
<h2>Project:</h2>
D:\fly_project\FLY_project.uvproj
Project File Date:  09/23/2014

<h2>Output:</h2>
Build target 'Target 1'
compiling core_cm3.c...
compiling system_stm32f10x.c...
compiling delay.c...
CODE\delay.c(10): warning:  #550-D: variable "fac_ms" was set but never used
compiling HMC5883L.c...
CODE\HMC5883L.c(62): warning:  #9-D: nested comment is not allowed
compiling I2C.c...
compiling IMU.c...
compiling mpu6050.c...
compiling pwm.c...
compiling USART.c...
compiling misc.c...
compiling stm32f10x_exti.c...
compiling stm32f10x_flash.c...
compiling stm32f10x_gpio.c...
compiling stm32f10x_i2c.c...
compiling stm32f10x_rcc.c...
compiling stm32f10x_tim.c...
compiling stm32f10x_usart.c...
compiling main.c...
USER\main.c(33): warning:  #181-D: argument is incompatible with corresponding format string conversion
USER\main.c(34): warning:  #181-D: argument is incompatible with corresponding format string conversion
USER\main.c(35): warning:  #181-D: argument is incompatible with corresponding format string conversion
USER\main.c(40): warning:  #1-D: last line of file ends without a newline
compiling stm32f10x_it.c...
assembling startup_stm32f10x_md.s...
linking...
Program Size: Code=20900 RO-data=520 RW-data=140 ZI-data=2140  
".\LIST\FLY_project.axf" - 0 Error(s), 6 Warning(s).
Build target 'Target 1'
compiling core_cm3.c...
compiling system_stm32f10x.c...
compiling delay.c...
CODE\delay.c(10): warning:  #550-D: variable "fac_ms" was set but never used
compiling HMC5883L.c...
CODE\HMC5883L.c(62): warning:  #9-D: nested comment is not allowed
compiling I2C.c...
compiling IMU.c...
compiling mpu6050.c...
compiling pwm.c...
compiling USART.c...
compiling misc.c...
compiling stm32f10x_exti.c...
compiling stm32f10x_flash.c...
compiling stm32f10x_gpio.c...
compiling stm32f10x_i2c.c...
compiling stm32f10x_rcc.c...
compiling stm32f10x_tim.c...
compiling stm32f10x_usart.c...
compiling main.c...
USER\main.c(33): warning:  #181-D: argument is incompatible with corresponding format string conversion
USER\main.c(34): warning:  #181-D: argument is incompatible with corresponding format string conversion
USER\main.c(35): warning:  #181-D: argument is incompatible with corresponding format string conversion
USER\main.c(40): warning:  #1-D: last line of file ends without a newline
compiling stm32f10x_it.c...
assembling startup_stm32f10x_md.s...
linking...
Program Size: Code=14836 RO-data=508 RW-data=136 ZI-data=1288  
FromELF: creating hex file...
".\LIST\FLY_project.axf" - 0 Error(s), 6 Warning(s).
Load "D:\\fly_project\\LIST\\FLY_project.AXF" 
USB Communication Failure
Load "D:\\fly_project\\LIST\\FLY_project.AXF" 
USB Communication Failure
Load "D:\\fly_project\\LIST\\FLY_project.AXF" 

JLink info:
-----------
DLL: V4.66 , compiled Mar 11 2013 11:00:46
Firmware: J-Link ARM V8 compiled Sep 20 2013 15:09:45
Hardware: V8.00
S/N : 270676280 
Feature(s) : RDI,FlashDL,FlashBP,JFlash,GDBFULL 
---
* JLink Info: TotalIRLen = 9, IRPrint = 0x0011
* JLink Info: Found Cortex-M3 r1p1, Little endian.
* JLink Info: TPIU fitted.
* JLink Info: FPUnit: 6 code (BP) slots and 2 literal slots

Target info:
------------
Device: STM32F103RB
* JLink Info: Device "STM32F103RB" selected (128 KB flash, 20 KB RAM).
VTarget = 3.274V
State of Pins: 
TCK: 1, TDI: 0, TDO: 0, TMS: 0, TRES: 1, TRST: 1
Hardware-Breakpoints: 6
Software-Breakpoints: 8192
Watchpoints:          4
JTAG speed: 2000 kHz
---
* JLink Info: Found Cortex-M3 r1p1, Little endian.
* JLink Info: TPIU fitted.
* JLink Info: FPUnit: 6 code (BP) slots and 2 literal slots
Erase Done.
Programming Done.
Verify OK.
Build target 'Target 1'
compiling core_cm3.c...
compiling system_stm32f10x.c...
compiling delay.c...
CODE\delay.c(10): warning:  #550-D: variable "fac_ms" was set but never used
compiling HMC5883L.c...
CODE\HMC5883L.c(62): warning:  #9-D: nested comment is not allowed
compiling I2C.c...
compiling IMU.c...
compiling mpu6050.c...
compiling pwm.c...
compiling USART.c...
compiling misc.c...
compiling stm32f10x_exti.c...
compiling stm32f10x_flash.c...
compiling stm32f10x_gpio.c...
compiling stm32f10x_i2c.c...
compiling stm32f10x_rcc.c...
compiling stm32f10x_tim.c...
compiling stm32f10x_usart.c...
compiling main.c...
USER\main.c(33): warning:  #181-D: argument is incompatible with corresponding format string conversion
USER\main.c(34): warning:  #181-D: argument is incompatible with corresponding format string conversion
USER\main.c(35): warning:  #181-D: argument is incompatible with corresponding format string conversion
USER\main.c(40): warning:  #1-D: last line of file ends without a newline
compiling stm32f10x_it.c...
assembling startup_stm32f10x_md.s...
linking...
Program Size: Code=14836 RO-data=508 RW-data=136 ZI-data=1288  
FromELF: creating hex file...
".\LIST\FLY_project.axf" - 0 Error(s), 6 Warning(s).
Load "D:\\fly_project\\LIST\\FLY_project.AXF" 

JLink info:
-----------
DLL: V4.66 , compiled Mar 11 2013 11:00:46
Firmware: J-Link ARM V8 compiled Sep 20 2013 15:09:45
Hardware: V8.00
S/N : 270676280 
Feature(s) : RDI,FlashDL,FlashBP,JFlash,GDBFULL 
---
* JLink Info: TotalIRLen = 9, IRPrint = 0x0011
* JLink Info: Found Cortex-M3 r1p1, Little endian.
* JLink Info: TPIU fitted.
* JLink Info: FPUnit: 6 code (BP) slots and 2 literal slots

Target info:
------------
Device: STM32F103RB
* JLink Info: Device "STM32F103RB" selected (128 KB flash, 20 KB RAM).
VTarget = 3.280V
State of Pins: 
TCK: 1, TDI: 0, TDO: 0, TMS: 0, TRES: 1, TRST: 1
Hardware-Breakpoints: 6
Software-Breakpoints: 8192
Watchpoints:          4
JTAG speed: 2000 kHz
---
* JLink Info: Found Cortex-M3 r1p1, Little endian.
* JLink Info: TPIU fitted.
* JLink Info: FPUnit: 6 code (BP) slots and 2 literal slots
Erase Done.
Programming Done.
Verify OK.
