<html>
<body>
<pre>
<h1>µVision Build Log</h1>
<h2>Project:</h2>
D:\fly_project _GROUND\FLY_project.uvproj
Project File Date:  03/26/2015

<h2>Output:</h2>
Build target 'Target 1'
compiling main.c...
USER\main.c(216): warning:  #1-D: last line of file ends without a newline
  }
USER\main.c: 1 warning, 0 errors
linking...
Program Size: Code=9940 RO-data=268 RW-data=116 ZI-data=1148  
FromELF: creating hex file...
".\LIST\FLY_project.axf" - 0 Error(s), 1 Warning(s).
Load "D:\\fly_project _GROUND\\LIST\\FLY_project.axf" 
Set JLink Project File to "D:\fly_project _GROUND\JLinkSettings.ini"
* JLink Info: Device "STM32F103C8" selected (64 KB flash, 20 KB RAM).
 
JLink info:
------------
DLL: V4.80g, compiled Feb 13 2014 20:50:02
Firmware: J-Link V9 compiled Oct 28 2014 19:25:34
Hardware: V9.00
Feature(s) : GDB, RDI, FlashBP, FlashDL, JFlash 
 
* JLink Info: Found SWD-DP with ID 0x1BA01477
* JLink Info: Found SWD-DP with ID 0x1BA01477
* JLink Info: Found Cortex-M3 r1p1, Little endian.
* JLink Info: FPUnit: 6 code (BP) slots and 2 literal slots
* JLink Info: TPIU fitted.
* JLink Info: ETM fitted.
ROMTableAddr = 0xE00FF003
 
Target info:
------------
Device: STM32F103C8
VTarget = 3.287V
State of Pins: 
TCK: 0, TDI: 0, TDO: 0, TMS: 1, TRES: 1, TRST: 0
Hardware-Breakpoints: 6
Software-Breakpoints: 8192
Watchpoints:          4
JTAG speed: 500 kHz
 
Erase Done.
Programming Done.
Verify OK.
Application running ...
</pre>
</body>
</html>
