Product: MDK-ARM Standard 5.10
Component: ARM Compiler 5.04 update 1 (build 49)
Tool: armlink [5040049]

==============================================================================

Section Cross References

    system_stm32f10x.o(.text) refers to system_stm32f10x.o(.data) for SystemCoreClock
    delay.o(.text) refers to misc.o(.text) for SysTick_CLKSourceConfig
    delay.o(.text) refers to delay.o(.data) for fac_us
    usart.o(.text) refers to system_stm32f10x.o(.text) for SystemInit
    usart.o(.text) refers to stm32f10x_rcc.o(.text) for RCC_APB2PeriphClockCmd
    usart.o(.text) refers to delay.o(.text) for delay_ms
    usart.o(.text) refers to stm32f10x_gpio.o(.text) for GPIO_Init
    usart.o(.text) refers to misc.o(.text) for NVIC_PriorityGroupConfig
    usart.o(.text) refers to stm32f10x_usart.o(.text) for USART_Init
    led.o(.text) refers to stm32f10x_rcc.o(.text) for RCC_APB2PeriphClockCmd
    led.o(.text) refers to stm32f10x_gpio.o(.text) for GPIO_Init
    spi_nrf.o(.text) refers to stm32f10x_rcc.o(.text) for RCC_APB2PeriphClockCmd
    spi_nrf.o(.text) refers to stm32f10x_gpio.o(.text) for GPIO_Init
    spi_nrf.o(.text) refers to stm32f10x_spi.o(.text) for SPI_Init
    spi_nrf.o(.text) refers to spi_nrf.o(.data) for RX_ADDRESS
    key.o(.text) refers to stm32f10x_rcc.o(.text) for RCC_APB2PeriphClockCmd
    key.o(.text) refers to stm32f10x_gpio.o(.text) for GPIO_Init
    adc.o(.text) refers to stm32f10x_rcc.o(.text) for RCC_APB2PeriphClockCmd
    adc.o(.text) refers to stm32f10x_gpio.o(.text) for GPIO_Init
    adc.o(.text) refers to stm32f10x_adc.o(.text) for ADC_Init
    adc.o(.text) refers to stm32f10x_dma.o(.text) for DMA_DeInit
    adc.o(.text) refers to main.o(.data) for ADC_ConvertedValue
    stm32f10x_gpio.o(.text) refers to stm32f10x_rcc.o(.text) for RCC_APB2PeriphResetCmd
    stm32f10x_i2c.o(.text) refers to stm32f10x_rcc.o(.text) for RCC_APB1PeriphResetCmd
    stm32f10x_rcc.o(.text) refers to stm32f10x_rcc.o(.data) for APBAHBPrescTable
    stm32f10x_tim.o(.text) refers to stm32f10x_rcc.o(.text) for RCC_APB2PeriphResetCmd
    stm32f10x_usart.o(.text) refers to stm32f10x_rcc.o(.text) for RCC_APB2PeriphResetCmd
    stm32f10x_spi.o(.text) refers to stm32f10x_rcc.o(.text) for RCC_APB2PeriphResetCmd
    stm32f10x_adc.o(.text) refers to stm32f10x_rcc.o(.text) for RCC_APB2PeriphResetCmd
    main.o(.text) refers to fmul.o(.text) for __aeabi_fmul
    main.o(.text) refers to ffixi.o(.text) for __aeabi_f2iz
    main.o(.text) refers to usart.o(.text) for USART1_Config
    main.o(.text) refers to key.o(.text) for KEY_GPIO_Config
    main.o(.text) refers to adc.o(.text) for ADC_Config
    main.o(.text) refers to stm32f10x_gpio.o(.text) for GPIO_PinRemapConfig
    main.o(.text) refers to led.o(.text) for LED_GPIO_Config
    main.o(.text) refers to spi_nrf.o(.text) for SPI_NRF_Init
    main.o(.text) refers to ffltui.o(.text) for __aeabi_ui2f
    main.o(.text) refers to fdiv.o(.text) for __aeabi_fdiv
    main.o(.text) refers to fadd.o(.text) for __aeabi_fadd
    main.o(.text) refers to main.o(.bss) for PID_ROL
    main.o(.text) refers to main.o(.data) for thr
    startup_stm32f10x_md.o(RESET) refers to startup_stm32f10x_md.o(STACK) for __initial_sp
    startup_stm32f10x_md.o(RESET) refers to startup_stm32f10x_md.o(.text) for Reset_Handler
    startup_stm32f10x_md.o(RESET) refers to stm32f10x_it.o(.text) for NMI_Handler
    startup_stm32f10x_md.o(RESET) refers to usart.o(.text) for USART1_IRQHandler
    startup_stm32f10x_md.o(.text) refers to system_stm32f10x.o(.text) for SystemInit
    startup_stm32f10x_md.o(.text) refers to entry.o(.ARM.Collect$$$$00000000) for __main
    entry.o(.ARM.Collect$$$$00000000) refers (Special) to entry10a.o(.ARM.Collect$$$$0000000D) for __rt_final_cpp
    entry.o(.ARM.Collect$$$$00000000) refers (Special) to entry11a.o(.ARM.Collect$$$$0000000F) for __rt_final_exit
    entry.o(.ARM.Collect$$$$00000000) refers (Special) to entry7b.o(.ARM.Collect$$$$00000008) for _main_clock
    entry.o(.ARM.Collect$$$$00000000) refers (Special) to entry8b.o(.ARM.Collect$$$$0000000A) for _main_cpp_init
    entry.o(.ARM.Collect$$$$00000000) refers (Special) to entry9a.o(.ARM.Collect$$$$0000000B) for _main_init
    entry.o(.ARM.Collect$$$$00000000) refers (Special) to entry5.o(.ARM.Collect$$$$00000004) for _main_scatterload
    entry.o(.ARM.Collect$$$$00000000) refers (Special) to entry2.o(.ARM.Collect$$$$00000001) for _main_stk
    fadd.o(.text) refers (Special) to iusefp.o(.text) for __I$use$fp
    fadd.o(.text) refers to fepilogue.o(.text) for _float_epilogue
    fmul.o(.text) refers (Special) to iusefp.o(.text) for __I$use$fp
    fdiv.o(.text) refers (Special) to iusefp.o(.text) for __I$use$fp
    fdiv.o(.text) refers to fepilogue.o(.text) for _float_round
    ffltui.o(.text) refers (Special) to iusefp.o(.text) for __I$use$fp
    ffltui.o(.text) refers to fepilogue.o(.text) for _float_epilogue
    ffixi.o(.text) refers (Special) to iusefp.o(.text) for __I$use$fp
    entry2.o(.ARM.Collect$$$$00000001) refers to entry2.o(.ARM.Collect$$$$00002712) for __lit__00000000
    entry2.o(.ARM.Collect$$$$00002712) refers to startup_stm32f10x_md.o(STACK) for __initial_sp
    entry2.o(__vectab_stack_and_reset_area) refers to startup_stm32f10x_md.o(STACK) for __initial_sp
    entry2.o(__vectab_stack_and_reset_area) refers to entry.o(.ARM.Collect$$$$00000000) for __main
    entry5.o(.ARM.Collect$$$$00000004) refers to init.o(.text) for __scatterload
    entry9a.o(.ARM.Collect$$$$0000000B) refers to main.o(.text) for main
    entry9b.o(.ARM.Collect$$$$0000000C) refers to main.o(.text) for main
    init.o(.text) refers to entry5.o(.ARM.Collect$$$$00000004) for __main_after_scatterload


==============================================================================

Removing Unused input sections from the image.

    Removing core_cm3.o(.emb_text), (32 bytes).
    Removing spi_nrf.o(.bss), (49 bytes).
    Removing stm32f10x_exti.o(.text), (284 bytes).
    Removing stm32f10x_flash.o(.text), (1468 bytes).
    Removing stm32f10x_i2c.o(.text), (1028 bytes).
    Removing stm32f10x_tim.o(.text), (3610 bytes).
    Removing startup_stm32f10x_md.o(HEAP), (512 bytes).

7 unused section(s) (total 6983 bytes) removed from the image.

==============================================================================

Image Symbol Table

    Local Symbols

    Symbol Name                              Value     Ov Type        Size  Object(Section)

    ../clib/microlib/init/entry.s            0x00000000   Number         0  entry.o ABSOLUTE
    ../clib/microlib/init/entry.s            0x00000000   Number         0  entry11b.o ABSOLUTE
    ../clib/microlib/init/entry.s            0x00000000   Number         0  entry10b.o ABSOLUTE
    ../clib/microlib/init/entry.s            0x00000000   Number         0  entry10a.o ABSOLUTE
    ../clib/microlib/init/entry.s            0x00000000   Number         0  entry9b.o ABSOLUTE
    ../clib/microlib/init/entry.s            0x00000000   Number         0  entry11a.o ABSOLUTE
    ../clib/microlib/init/entry.s            0x00000000   Number         0  entry9a.o ABSOLUTE
    ../clib/microlib/init/entry.s            0x00000000   Number         0  entry8b.o ABSOLUTE
    ../clib/microlib/init/entry.s            0x00000000   Number         0  entry8a.o ABSOLUTE
    ../clib/microlib/init/entry.s            0x00000000   Number         0  entry7b.o ABSOLUTE
    ../clib/microlib/init/entry.s            0x00000000   Number         0  entry7a.o ABSOLUTE
    ../clib/microlib/init/entry.s            0x00000000   Number         0  entry5.o ABSOLUTE
    ../clib/microlib/init/entry.s            0x00000000   Number         0  entry2.o ABSOLUTE
    ../clib/microlib/stubs.s                 0x00000000   Number         0  iusefp.o ABSOLUTE
    ../fplib/microlib/fpadd.c                0x00000000   Number         0  fadd.o ABSOLUTE
    ../fplib/microlib/fpdiv.c                0x00000000   Number         0  fdiv.o ABSOLUTE
    ../fplib/microlib/fpepilogue.c           0x00000000   Number         0  fepilogue.o ABSOLUTE
    ../fplib/microlib/fpfix.c                0x00000000   Number         0  ffixi.o ABSOLUTE
    ../fplib/microlib/fpflt.c                0x00000000   Number         0  ffltui.o ABSOLUTE
    ../fplib/microlib/fpmul.c                0x00000000   Number         0  fmul.o ABSOLUTE
    CMSIS\STARTUP\startup_stm32f10x_md.s     0x00000000   Number         0  startup_stm32f10x_md.o ABSOLUTE
    CMSIS\\core_cm3.c                        0x00000000   Number         0  core_cm3.o ABSOLUTE
    CMSIS\core_cm3.c                         0x00000000   Number         0  core_cm3.o ABSOLUTE
    CMSIS\system_stm32f10x.c                 0x00000000   Number         0  system_stm32f10x.o ABSOLUTE
    CODE\ADC.C                               0x00000000   Number         0  adc.o ABSOLUTE
    CODE\SPI_NRF.c                           0x00000000   Number         0  spi_nrf.o ABSOLUTE
    CODE\USART.c                             0x00000000   Number         0  usart.o ABSOLUTE
    CODE\delay.c                             0x00000000   Number         0  delay.o ABSOLUTE
    CODE\key.c                               0x00000000   Number         0  key.o ABSOLUTE
    CODE\led.c                               0x00000000   Number         0  led.o ABSOLUTE
    STM32_LIB\src\misc.c                     0x00000000   Number         0  misc.o ABSOLUTE
    STM32_LIB\src\stm32f10x_adc.c            0x00000000   Number         0  stm32f10x_adc.o ABSOLUTE
    STM32_LIB\src\stm32f10x_dma.c            0x00000000   Number         0  stm32f10x_dma.o ABSOLUTE
    STM32_LIB\src\stm32f10x_exti.c           0x00000000   Number         0  stm32f10x_exti.o ABSOLUTE
    STM32_LIB\src\stm32f10x_flash.c          0x00000000   Number         0  stm32f10x_flash.o ABSOLUTE
    STM32_LIB\src\stm32f10x_gpio.c           0x00000000   Number         0  stm32f10x_gpio.o ABSOLUTE
    STM32_LIB\src\stm32f10x_i2c.c            0x00000000   Number         0  stm32f10x_i2c.o ABSOLUTE
    STM32_LIB\src\stm32f10x_rcc.c            0x00000000   Number         0  stm32f10x_rcc.o ABSOLUTE
    STM32_LIB\src\stm32f10x_spi.c            0x00000000   Number         0  stm32f10x_spi.o ABSOLUTE
    STM32_LIB\src\stm32f10x_tim.c            0x00000000   Number         0  stm32f10x_tim.o ABSOLUTE
    STM32_LIB\src\stm32f10x_usart.c          0x00000000   Number         0  stm32f10x_usart.o ABSOLUTE
    USER\main.c                              0x00000000   Number         0  main.o ABSOLUTE
    USER\stm32f10x_it.c                      0x00000000   Number         0  stm32f10x_it.o ABSOLUTE
    dc.s                                     0x00000000   Number         0  dc.o ABSOLUTE
    handlers.s                               0x00000000   Number         0  handlers.o ABSOLUTE
    init.s                                   0x00000000   Number         0  init.o ABSOLUTE
    RESET                                    0x08000000   Section      236  startup_stm32f10x_md.o(RESET)
    .ARM.Collect$$$$00000000                 0x080000ec   Section        0  entry.o(.ARM.Collect$$$$00000000)
    .ARM.Collect$$$$00000001                 0x080000ec   Section        4  entry2.o(.ARM.Collect$$$$00000001)
    .ARM.Collect$$$$00000004                 0x080000f0   Section        4  entry5.o(.ARM.Collect$$$$00000004)
    .ARM.Collect$$$$00000008                 0x080000f4   Section        0  entry7b.o(.ARM.Collect$$$$00000008)
    .ARM.Collect$$$$0000000A                 0x080000f4   Section        0  entry8b.o(.ARM.Collect$$$$0000000A)
    .ARM.Collect$$$$0000000B                 0x080000f4   Section        8  entry9a.o(.ARM.Collect$$$$0000000B)
    .ARM.Collect$$$$0000000D                 0x080000fc   Section        0  entry10a.o(.ARM.Collect$$$$0000000D)
    .ARM.Collect$$$$0000000F                 0x080000fc   Section        0  entry11a.o(.ARM.Collect$$$$0000000F)
    .ARM.Collect$$$$00002712                 0x080000fc   Section        4  entry2.o(.ARM.Collect$$$$00002712)
    __lit__00000000                          0x080000fc   Data           4  entry2.o(.ARM.Collect$$$$00002712)
    .text                                    0x08000100   Section        0  system_stm32f10x.o(.text)
    SetSysClockTo72                          0x08000101   Thumb Code   214  system_stm32f10x.o(.text)
    SetSysClock                              0x080001d7   Thumb Code     8  system_stm32f10x.o(.text)
    .text                                    0x080002e0   Section        0  delay.o(.text)
    .text                                    0x08000350   Section        0  usart.o(.text)
    .text                                    0x080004d8   Section        0  led.o(.text)
    .text                                    0x08000564   Section        0  spi_nrf.o(.text)
    .text                                    0x08000924   Section        0  key.o(.text)
    .text                                    0x08000948   Section        0  adc.o(.text)
    .text                                    0x08000a64   Section        0  misc.o(.text)
    .text                                    0x08000b40   Section        0  stm32f10x_gpio.o(.text)
    .text                                    0x08000e9c   Section        0  stm32f10x_rcc.o(.text)
    .text                                    0x08001240   Section        0  stm32f10x_usart.o(.text)
    .text                                    0x08001648   Section        0  stm32f10x_spi.o(.text)
    .text                                    0x08001954   Section        0  stm32f10x_adc.o(.text)
    .text                                    0x08001da4   Section        0  stm32f10x_dma.o(.text)
    .text                                    0x08001ff8   Section        0  main.o(.text)
    .text                                    0x08002500   Section        0  stm32f10x_it.o(.text)
    .text                                    0x0800251c   Section       36  startup_stm32f10x_md.o(.text)
    .text                                    0x08002540   Section        0  fadd.o(.text)
    .text                                    0x080025f0   Section        0  fmul.o(.text)
    .text                                    0x08002654   Section        0  fdiv.o(.text)
    .text                                    0x080026d0   Section        0  ffltui.o(.text)
    .text                                    0x080026da   Section        0  ffixi.o(.text)
    .text                                    0x0800270c   Section        0  iusefp.o(.text)
    .text                                    0x0800270c   Section        0  fepilogue.o(.text)
    .text                                    0x0800277c   Section       36  init.o(.text)
    i.__scatterload_copy                     0x080027a0   Section       14  handlers.o(i.__scatterload_copy)
    i.__scatterload_null                     0x080027ae   Section        2  handlers.o(i.__scatterload_null)
    i.__scatterload_zeroinit                 0x080027b0   Section       14  handlers.o(i.__scatterload_zeroinit)
    .data                                    0x20000000   Section       20  system_stm32f10x.o(.data)
    .data                                    0x20000014   Section        4  delay.o(.data)
    fac_us                                   0x20000014   Data           1  delay.o(.data)
    fac_ms                                   0x20000016   Data           2  delay.o(.data)
    .data                                    0x20000018   Section       51  spi_nrf.o(.data)
    .data                                    0x2000004b   Section       20  stm32f10x_rcc.o(.data)
    APBAHBPrescTable                         0x2000004b   Data          16  stm32f10x_rcc.o(.data)
    ADCPrescTable                            0x2000005b   Data           4  stm32f10x_rcc.o(.data)
    .data                                    0x20000060   Section       17  main.o(.data)
    .bss                                     0x20000074   Section      124  main.o(.bss)
    STACK                                    0x200000f0   Section     1024  startup_stm32f10x_md.o(STACK)

    Global Symbols

    Symbol Name                              Value     Ov Type        Size  Object(Section)

    BuildAttributes$$THM_ISAv4$P$D$K$B$S$PE$A:L22UL41UL21$X:L11$S22US41US21$IEEE1$IW$USESV6$~STKCKD$USESV7$~SHL$OTIME$ROPI$EBA8$MICROLIB$REQ8$PRES8$EABIv2 0x00000000   Number         0  anon$$obj.o ABSOLUTE
    __ARM_use_no_argv                        0x00000000   Number         0  main.o ABSOLUTE
    __cpp_initialize__aeabi_                  - Undefined Weak Reference
    __cxa_finalize                            - Undefined Weak Reference
    __decompress                              - Undefined Weak Reference
    _clock_init                               - Undefined Weak Reference
    _microlib_exit                            - Undefined Weak Reference
    __Vectors_Size                           0x000000ec   Number         0  startup_stm32f10x_md.o ABSOLUTE
    __Vectors                                0x08000000   Data           4  startup_stm32f10x_md.o(RESET)
    __Vectors_End                            0x080000ec   Data           0  startup_stm32f10x_md.o(RESET)
    __main                                   0x080000ed   Thumb Code     0  entry.o(.ARM.Collect$$$$00000000)
    _main_stk                                0x080000ed   Thumb Code     0  entry2.o(.ARM.Collect$$$$00000001)
    _main_scatterload                        0x080000f1   Thumb Code     0  entry5.o(.ARM.Collect$$$$00000004)
    __main_after_scatterload                 0x080000f5   Thumb Code     0  entry5.o(.ARM.Collect$$$$00000004)
    _main_clock                              0x080000f5   Thumb Code     0  entry7b.o(.ARM.Collect$$$$00000008)
    _main_cpp_init                           0x080000f5   Thumb Code     0  entry8b.o(.ARM.Collect$$$$0000000A)
    _main_init                               0x080000f5   Thumb Code     0  entry9a.o(.ARM.Collect$$$$0000000B)
    __rt_final_cpp                           0x080000fd   Thumb Code     0  entry10a.o(.ARM.Collect$$$$0000000D)
    __rt_final_exit                          0x080000fd   Thumb Code     0  entry11a.o(.ARM.Collect$$$$0000000F)
    SystemInit                               0x080001df   Thumb Code    78  system_stm32f10x.o(.text)
    SystemCoreClockUpdate                    0x0800022d   Thumb Code   142  system_stm32f10x.o(.text)
    delay_init                               0x080002e1   Thumb Code    52  delay.o(.text)
    delay_ms                                 0x08000315   Thumb Code    30  delay.o(.text)
    delay_us                                 0x08000333   Thumb Code    22  delay.o(.text)
    USART1_Config                            0x08000351   Thumb Code   216  usart.o(.text)
    fputc                                    0x08000429   Thumb Code    32  usart.o(.text)
    USART1_Putc                              0x08000449   Thumb Code    28  usart.o(.text)
    USART1_Puts                              0x08000465   Thumb Code    38  usart.o(.text)
    USART1_IRQHandler                        0x0800048b   Thumb Code    70  usart.o(.text)
    LED_GPIO_Config                          0x080004d9   Thumb Code   126  led.o(.text)
    Delay                                    0x08000565   Thumb Code    18  spi_nrf.o(.text)
    SPI_NRF_Init                             0x08000577   Thumb Code   212  spi_nrf.o(.text)
    SPI_NRF_RW                               0x0800064b   Thumb Code    50  spi_nrf.o(.text)
    SPI_NRF_WriteReg                         0x0800067d   Thumb Code    52  spi_nrf.o(.text)
    SPI_NRF_ReadReg                          0x080006b1   Thumb Code    50  spi_nrf.o(.text)
    SPI_NRF_ReadBuf                          0x080006e3   Thumb Code    72  spi_nrf.o(.text)
    SPI_NRF_WriteBuf                         0x0800072b   Thumb Code    72  spi_nrf.o(.text)
    NRF_RX_Mode                              0x08000773   Thumb Code    78  spi_nrf.o(.text)
    NRF_TX_Mode                              0x080007c1   Thumb Code    96  spi_nrf.o(.text)
    NRF_Check                                0x08000821   Thumb Code    68  spi_nrf.o(.text)
    NRF_Tx_Dat                               0x08000865   Thumb Code    82  spi_nrf.o(.text)
    NRF_Rx_Dat                               0x080008b7   Thumb Code    82  spi_nrf.o(.text)
    KEY_GPIO_Config                          0x08000925   Thumb Code    32  key.o(.text)
    ADC_Config                               0x08000949   Thumb Code   244  adc.o(.text)
    Get_AD                                   0x08000a3d   Thumb Code    24  adc.o(.text)
    NVIC_PriorityGroupConfig                 0x08000a65   Thumb Code    10  misc.o(.text)
    NVIC_Init                                0x08000a6f   Thumb Code   100  misc.o(.text)
    NVIC_SetVectorTable                      0x08000ad3   Thumb Code    14  misc.o(.text)
    NVIC_SystemLPConfig                      0x08000ae1   Thumb Code    34  misc.o(.text)
    SysTick_CLKSourceConfig                  0x08000b03   Thumb Code    40  misc.o(.text)
    GPIO_DeInit                              0x08000b41   Thumb Code   172  stm32f10x_gpio.o(.text)
    GPIO_AFIODeInit                          0x08000bed   Thumb Code    20  stm32f10x_gpio.o(.text)
    GPIO_Init                                0x08000c01   Thumb Code   278  stm32f10x_gpio.o(.text)
    GPIO_StructInit                          0x08000d17   Thumb Code    16  stm32f10x_gpio.o(.text)
    GPIO_ReadInputDataBit                    0x08000d27   Thumb Code    18  stm32f10x_gpio.o(.text)
    GPIO_ReadInputData                       0x08000d39   Thumb Code     8  stm32f10x_gpio.o(.text)
    GPIO_ReadOutputDataBit                   0x08000d41   Thumb Code    18  stm32f10x_gpio.o(.text)
    GPIO_ReadOutputData                      0x08000d53   Thumb Code     8  stm32f10x_gpio.o(.text)
    GPIO_SetBits                             0x08000d5b   Thumb Code     4  stm32f10x_gpio.o(.text)
    GPIO_ResetBits                           0x08000d5f   Thumb Code     4  stm32f10x_gpio.o(.text)
    GPIO_WriteBit                            0x08000d63   Thumb Code    10  stm32f10x_gpio.o(.text)
    GPIO_Write                               0x08000d6d   Thumb Code     4  stm32f10x_gpio.o(.text)
    GPIO_PinLockConfig                       0x08000d71   Thumb Code    18  stm32f10x_gpio.o(.text)
    GPIO_EventOutputConfig                   0x08000d83   Thumb Code    26  stm32f10x_gpio.o(.text)
    GPIO_EventOutputCmd                      0x08000d9d   Thumb Code     6  stm32f10x_gpio.o(.text)
    GPIO_PinRemapConfig                      0x08000da3   Thumb Code   138  stm32f10x_gpio.o(.text)
    GPIO_EXTILineConfig                      0x08000e2d   Thumb Code    66  stm32f10x_gpio.o(.text)
    GPIO_ETH_MediaInterfaceConfig            0x08000e6f   Thumb Code     8  stm32f10x_gpio.o(.text)
    RCC_DeInit                               0x08000e9d   Thumb Code    64  stm32f10x_rcc.o(.text)
    RCC_HSEConfig                            0x08000edd   Thumb Code    70  stm32f10x_rcc.o(.text)
    RCC_GetFlagStatus                        0x08000f23   Thumb Code    56  stm32f10x_rcc.o(.text)
    RCC_WaitForHSEStartUp                    0x08000f5b   Thumb Code    56  stm32f10x_rcc.o(.text)
    RCC_AdjustHSICalibrationValue            0x08000f93   Thumb Code    20  stm32f10x_rcc.o(.text)
    RCC_HSICmd                               0x08000fa7   Thumb Code     6  stm32f10x_rcc.o(.text)
    RCC_PLLConfig                            0x08000fad   Thumb Code    24  stm32f10x_rcc.o(.text)
    RCC_PLLCmd                               0x08000fc5   Thumb Code     6  stm32f10x_rcc.o(.text)
    RCC_SYSCLKConfig                         0x08000fcb   Thumb Code    18  stm32f10x_rcc.o(.text)
    RCC_GetSYSCLKSource                      0x08000fdd   Thumb Code    10  stm32f10x_rcc.o(.text)
    RCC_HCLKConfig                           0x08000fe7   Thumb Code    18  stm32f10x_rcc.o(.text)
    RCC_PCLK1Config                          0x08000ff9   Thumb Code    18  stm32f10x_rcc.o(.text)
    RCC_PCLK2Config                          0x0800100b   Thumb Code    20  stm32f10x_rcc.o(.text)
    RCC_ITConfig                             0x0800101f   Thumb Code    26  stm32f10x_rcc.o(.text)
    RCC_USBCLKConfig                         0x08001039   Thumb Code     8  stm32f10x_rcc.o(.text)
    RCC_ADCCLKConfig                         0x08001041   Thumb Code    18  stm32f10x_rcc.o(.text)
    RCC_LSEConfig                            0x08001053   Thumb Code    50  stm32f10x_rcc.o(.text)
    RCC_LSICmd                               0x08001085   Thumb Code     6  stm32f10x_rcc.o(.text)
    RCC_RTCCLKConfig                         0x0800108b   Thumb Code    12  stm32f10x_rcc.o(.text)
    RCC_RTCCLKCmd                            0x08001097   Thumb Code     8  stm32f10x_rcc.o(.text)
    RCC_GetClocksFreq                        0x0800109f   Thumb Code   192  stm32f10x_rcc.o(.text)
    RCC_AHBPeriphClockCmd                    0x0800115f   Thumb Code    26  stm32f10x_rcc.o(.text)
    RCC_APB2PeriphClockCmd                   0x08001179   Thumb Code    26  stm32f10x_rcc.o(.text)
    RCC_APB1PeriphClockCmd                   0x08001193   Thumb Code    26  stm32f10x_rcc.o(.text)
    RCC_APB2PeriphResetCmd                   0x080011ad   Thumb Code    26  stm32f10x_rcc.o(.text)
    RCC_APB1PeriphResetCmd                   0x080011c7   Thumb Code    26  stm32f10x_rcc.o(.text)
    RCC_BackupResetCmd                       0x080011e1   Thumb Code     8  stm32f10x_rcc.o(.text)
    RCC_ClockSecuritySystemCmd               0x080011e9   Thumb Code     6  stm32f10x_rcc.o(.text)
    RCC_MCOConfig                            0x080011ef   Thumb Code     6  stm32f10x_rcc.o(.text)
    RCC_ClearFlag                            0x080011f5   Thumb Code    14  stm32f10x_rcc.o(.text)
    RCC_GetITStatus                          0x08001203   Thumb Code    20  stm32f10x_rcc.o(.text)
    RCC_ClearITPendingBit                    0x08001217   Thumb Code     6  stm32f10x_rcc.o(.text)
    USART_DeInit                             0x08001241   Thumb Code   134  stm32f10x_usart.o(.text)
    USART_Init                               0x080012c7   Thumb Code   210  stm32f10x_usart.o(.text)
    USART_StructInit                         0x08001399   Thumb Code    24  stm32f10x_usart.o(.text)
    USART_ClockInit                          0x080013b1   Thumb Code    34  stm32f10x_usart.o(.text)
    USART_ClockStructInit                    0x080013d3   Thumb Code    12  stm32f10x_usart.o(.text)
    USART_Cmd                                0x080013df   Thumb Code    24  stm32f10x_usart.o(.text)
    USART_ITConfig                           0x080013f7   Thumb Code    74  stm32f10x_usart.o(.text)
    USART_DMACmd                             0x08001441   Thumb Code    18  stm32f10x_usart.o(.text)
    USART_SetAddress                         0x08001453   Thumb Code    18  stm32f10x_usart.o(.text)
    USART_WakeUpConfig                       0x08001465   Thumb Code    18  stm32f10x_usart.o(.text)
    USART_ReceiverWakeUpCmd                  0x08001477   Thumb Code    24  stm32f10x_usart.o(.text)
    USART_LINBreakDetectLengthConfig         0x0800148f   Thumb Code    18  stm32f10x_usart.o(.text)
    USART_LINCmd                             0x080014a1   Thumb Code    24  stm32f10x_usart.o(.text)
    USART_SendData                           0x080014b9   Thumb Code     8  stm32f10x_usart.o(.text)
    USART_ReceiveData                        0x080014c1   Thumb Code    10  stm32f10x_usart.o(.text)
    USART_SendBreak                          0x080014cb   Thumb Code    10  stm32f10x_usart.o(.text)
    USART_SetGuardTime                       0x080014d5   Thumb Code    16  stm32f10x_usart.o(.text)
    USART_SetPrescaler                       0x080014e5   Thumb Code    16  stm32f10x_usart.o(.text)
    USART_SmartCardCmd                       0x080014f5   Thumb Code    24  stm32f10x_usart.o(.text)
    USART_SmartCardNACKCmd                   0x0800150d   Thumb Code    24  stm32f10x_usart.o(.text)
    USART_HalfDuplexCmd                      0x08001525   Thumb Code    24  stm32f10x_usart.o(.text)
    USART_OverSampling8Cmd                   0x0800153d   Thumb Code    22  stm32f10x_usart.o(.text)
    USART_OneBitMethodCmd                    0x08001553   Thumb Code    24  stm32f10x_usart.o(.text)
    USART_IrDAConfig                         0x0800156b   Thumb Code    18  stm32f10x_usart.o(.text)
    USART_IrDACmd                            0x0800157d   Thumb Code    24  stm32f10x_usart.o(.text)
    USART_GetFlagStatus                      0x08001595   Thumb Code    26  stm32f10x_usart.o(.text)
    USART_ClearFlag                          0x080015af   Thumb Code    18  stm32f10x_usart.o(.text)
    USART_GetITStatus                        0x080015c1   Thumb Code    84  stm32f10x_usart.o(.text)
    USART_ClearITPendingBit                  0x08001615   Thumb Code    52  stm32f10x_usart.o(.text)
    SPI_I2S_DeInit                           0x08001649   Thumb Code    76  stm32f10x_spi.o(.text)
    SPI_Init                                 0x08001695   Thumb Code    60  stm32f10x_spi.o(.text)
    I2S_Init                                 0x080016d1   Thumb Code   226  stm32f10x_spi.o(.text)
    SPI_StructInit                           0x080017b3   Thumb Code    24  stm32f10x_spi.o(.text)
    I2S_StructInit                           0x080017cb   Thumb Code    20  stm32f10x_spi.o(.text)
    SPI_Cmd                                  0x080017df   Thumb Code    24  stm32f10x_spi.o(.text)
    I2S_Cmd                                  0x080017f7   Thumb Code    24  stm32f10x_spi.o(.text)
    SPI_I2S_ITConfig                         0x0800180f   Thumb Code    32  stm32f10x_spi.o(.text)
    SPI_I2S_DMACmd                           0x0800182f   Thumb Code    18  stm32f10x_spi.o(.text)
    SPI_I2S_SendData                         0x08001841   Thumb Code     4  stm32f10x_spi.o(.text)
    SPI_I2S_ReceiveData                      0x08001845   Thumb Code     6  stm32f10x_spi.o(.text)
    SPI_NSSInternalSoftwareConfig            0x0800184b   Thumb Code    30  stm32f10x_spi.o(.text)
    SPI_SSOutputCmd                          0x08001869   Thumb Code    24  stm32f10x_spi.o(.text)
    SPI_DataSizeConfig                       0x08001881   Thumb Code    18  stm32f10x_spi.o(.text)
    SPI_TransmitCRC                          0x08001893   Thumb Code    10  stm32f10x_spi.o(.text)
    SPI_CalculateCRC                         0x0800189d   Thumb Code    24  stm32f10x_spi.o(.text)
    SPI_GetCRC                               0x080018b5   Thumb Code    16  stm32f10x_spi.o(.text)
    SPI_GetCRCPolynomial                     0x080018c5   Thumb Code     6  stm32f10x_spi.o(.text)
    SPI_BiDirectionalLineConfig              0x080018cb   Thumb Code    28  stm32f10x_spi.o(.text)
    SPI_I2S_GetFlagStatus                    0x080018e7   Thumb Code    18  stm32f10x_spi.o(.text)
    SPI_I2S_ClearFlag                        0x080018f9   Thumb Code     6  stm32f10x_spi.o(.text)
    SPI_I2S_GetITStatus                      0x080018ff   Thumb Code    52  stm32f10x_spi.o(.text)
    SPI_I2S_ClearITPendingBit                0x08001933   Thumb Code    20  stm32f10x_spi.o(.text)
    ADC_DeInit                               0x08001955   Thumb Code    78  stm32f10x_adc.o(.text)
    ADC_Init                                 0x080019a3   Thumb Code    70  stm32f10x_adc.o(.text)
    ADC_StructInit                           0x080019e9   Thumb Code    18  stm32f10x_adc.o(.text)
    ADC_Cmd                                  0x080019fb   Thumb Code    22  stm32f10x_adc.o(.text)
    ADC_DMACmd                               0x08001a11   Thumb Code    22  stm32f10x_adc.o(.text)
    ADC_ITConfig                             0x08001a27   Thumb Code    24  stm32f10x_adc.o(.text)
    ADC_ResetCalibration                     0x08001a3f   Thumb Code    10  stm32f10x_adc.o(.text)
    ADC_GetResetCalibrationStatus            0x08001a49   Thumb Code    20  stm32f10x_adc.o(.text)
    ADC_StartCalibration                     0x08001a5d   Thumb Code    10  stm32f10x_adc.o(.text)
    ADC_GetCalibrationStatus                 0x08001a67   Thumb Code    20  stm32f10x_adc.o(.text)
    ADC_SoftwareStartConvCmd                 0x08001a7b   Thumb Code    22  stm32f10x_adc.o(.text)
    ADC_GetSoftwareStartConvStatus           0x08001a91   Thumb Code    20  stm32f10x_adc.o(.text)
    ADC_DiscModeChannelCountConfig           0x08001aa5   Thumb Code    24  stm32f10x_adc.o(.text)
    ADC_DiscModeCmd                          0x08001abd   Thumb Code    22  stm32f10x_adc.o(.text)
    ADC_RegularChannelConfig                 0x08001ad3   Thumb Code   184  stm32f10x_adc.o(.text)
    ADC_ExternalTrigConvCmd                  0x08001b8b   Thumb Code    22  stm32f10x_adc.o(.text)
    ADC_GetConversionValue                   0x08001ba1   Thumb Code     8  stm32f10x_adc.o(.text)
    ADC_GetDualModeConversionValue           0x08001ba9   Thumb Code     8  stm32f10x_adc.o(.text)
    ADC_AutoInjectedConvCmd                  0x08001bb1   Thumb Code    22  stm32f10x_adc.o(.text)
    ADC_InjectedDiscModeCmd                  0x08001bc7   Thumb Code    22  stm32f10x_adc.o(.text)
    ADC_ExternalTrigInjectedConvConfig       0x08001bdd   Thumb Code    16  stm32f10x_adc.o(.text)
    ADC_ExternalTrigInjectedConvCmd          0x08001bed   Thumb Code    22  stm32f10x_adc.o(.text)
    ADC_SoftwareStartInjectedConvCmd         0x08001c03   Thumb Code    22  stm32f10x_adc.o(.text)
    ADC_GetSoftwareStartInjectedConvCmdStatus 0x08001c19   Thumb Code    20  stm32f10x_adc.o(.text)
    ADC_InjectedChannelConfig                0x08001c2d   Thumb Code   130  stm32f10x_adc.o(.text)
    ADC_InjectedSequencerLengthConfig        0x08001caf   Thumb Code    24  stm32f10x_adc.o(.text)
    ADC_SetInjectedOffset                    0x08001cc7   Thumb Code    20  stm32f10x_adc.o(.text)
    ADC_GetInjectedConversionValue           0x08001cdb   Thumb Code    28  stm32f10x_adc.o(.text)
    ADC_AnalogWatchdogCmd                    0x08001cf7   Thumb Code    16  stm32f10x_adc.o(.text)
    ADC_AnalogWatchdogThresholdsConfig       0x08001d07   Thumb Code     6  stm32f10x_adc.o(.text)
    ADC_AnalogWatchdogSingleChannelConfig    0x08001d0d   Thumb Code    16  stm32f10x_adc.o(.text)
    ADC_TempSensorVrefintCmd                 0x08001d1d   Thumb Code    64  stm32f10x_adc.o(.text)
    ADC_GetFlagStatus                        0x08001d5d   Thumb Code    18  stm32f10x_adc.o(.text)
    ADC_ClearFlag                            0x08001d6f   Thumb Code     6  stm32f10x_adc.o(.text)
    ADC_GetITStatus                          0x08001d75   Thumb Code    36  stm32f10x_adc.o(.text)
    ADC_ClearITPendingBit                    0x08001d99   Thumb Code    10  stm32f10x_adc.o(.text)
    DMA_DeInit                               0x08001da5   Thumb Code   324  stm32f10x_dma.o(.text)
    DMA_Init                                 0x08001ee9   Thumb Code    60  stm32f10x_dma.o(.text)
    DMA_StructInit                           0x08001f25   Thumb Code    26  stm32f10x_dma.o(.text)
    DMA_Cmd                                  0x08001f3f   Thumb Code    24  stm32f10x_dma.o(.text)
    DMA_ITConfig                             0x08001f57   Thumb Code    18  stm32f10x_dma.o(.text)
    DMA_SetCurrDataCounter                   0x08001f69   Thumb Code     4  stm32f10x_dma.o(.text)
    DMA_GetCurrDataCounter                   0x08001f6d   Thumb Code     8  stm32f10x_dma.o(.text)
    DMA_GetFlagStatus                        0x08001f75   Thumb Code    40  stm32f10x_dma.o(.text)
    DMA_ClearFlag                            0x08001f9d   Thumb Code    22  stm32f10x_dma.o(.text)
    DMA_GetITStatus                          0x08001fb3   Thumb Code    40  stm32f10x_dma.o(.text)
    DMA_ClearITPendingBit                    0x08001fdb   Thumb Code    22  stm32f10x_dma.o(.text)
    set_pid                                  0x08001ff9   Thumb Code   558  main.o(.text)
    Delay2                                   0x08002227   Thumb Code    26  main.o(.text)
    main                                     0x08002241   Thumb Code   246  main.o(.text)
    send_station                             0x08002337   Thumb Code   448  main.o(.text)
    NMI_Handler                              0x08002501   Thumb Code     2  stm32f10x_it.o(.text)
    HardFault_Handler                        0x08002503   Thumb Code     4  stm32f10x_it.o(.text)
    MemManage_Handler                        0x08002507   Thumb Code     4  stm32f10x_it.o(.text)
    BusFault_Handler                         0x0800250b   Thumb Code     4  stm32f10x_it.o(.text)
    UsageFault_Handler                       0x0800250f   Thumb Code     4  stm32f10x_it.o(.text)
    SVC_Handler                              0x08002513   Thumb Code     2  stm32f10x_it.o(.text)
    DebugMon_Handler                         0x08002515   Thumb Code     2  stm32f10x_it.o(.text)
    PendSV_Handler                           0x08002517   Thumb Code     2  stm32f10x_it.o(.text)
    SysTick_Handler                          0x08002519   Thumb Code     2  stm32f10x_it.o(.text)
    Reset_Handler                            0x0800251d   Thumb Code     8  startup_stm32f10x_md.o(.text)
    ADC1_2_IRQHandler                        0x08002537   Thumb Code     0  startup_stm32f10x_md.o(.text)
    CAN1_RX1_IRQHandler                      0x08002537   Thumb Code     0  startup_stm32f10x_md.o(.text)
    CAN1_SCE_IRQHandler                      0x08002537   Thumb Code     0  startup_stm32f10x_md.o(.text)
    DMA1_Channel1_IRQHandler                 0x08002537   Thumb Code     0  startup_stm32f10x_md.o(.text)
    DMA1_Channel2_IRQHandler                 0x08002537   Thumb Code     0  startup_stm32f10x_md.o(.text)
    DMA1_Channel3_IRQHandler                 0x08002537   Thumb Code     0  startup_stm32f10x_md.o(.text)
    DMA1_Channel4_IRQHandler                 0x08002537   Thumb Code     0  startup_stm32f10x_md.o(.text)
    DMA1_Channel5_IRQHandler                 0x08002537   Thumb Code     0  startup_stm32f10x_md.o(.text)
    DMA1_Channel6_IRQHandler                 0x08002537   Thumb Code     0  startup_stm32f10x_md.o(.text)
    DMA1_Channel7_IRQHandler                 0x08002537   Thumb Code     0  startup_stm32f10x_md.o(.text)
    EXTI0_IRQHandler                         0x08002537   Thumb Code     0  startup_stm32f10x_md.o(.text)
    EXTI15_10_IRQHandler                     0x08002537   Thumb Code     0  startup_stm32f10x_md.o(.text)
    EXTI1_IRQHandler                         0x08002537   Thumb Code     0  startup_stm32f10x_md.o(.text)
    EXTI2_IRQHandler                         0x08002537   Thumb Code     0  startup_stm32f10x_md.o(.text)
    EXTI3_IRQHandler                         0x08002537   Thumb Code     0  startup_stm32f10x_md.o(.text)
    EXTI4_IRQHandler                         0x08002537   Thumb Code     0  startup_stm32f10x_md.o(.text)
    EXTI9_5_IRQHandler                       0x08002537   Thumb Code     0  startup_stm32f10x_md.o(.text)
    FLASH_IRQHandler                         0x08002537   Thumb Code     0  startup_stm32f10x_md.o(.text)
    I2C1_ER_IRQHandler                       0x08002537   Thumb Code     0  startup_stm32f10x_md.o(.text)
    I2C1_EV_IRQHandler                       0x08002537   Thumb Code     0  startup_stm32f10x_md.o(.text)
    I2C2_ER_IRQHandler                       0x08002537   Thumb Code     0  startup_stm32f10x_md.o(.text)
    I2C2_EV_IRQHandler                       0x08002537   Thumb Code     0  startup_stm32f10x_md.o(.text)
    PVD_IRQHandler                           0x08002537   Thumb Code     0  startup_stm32f10x_md.o(.text)
    RCC_IRQHandler                           0x08002537   Thumb Code     0  startup_stm32f10x_md.o(.text)
    RTCAlarm_IRQHandler                      0x08002537   Thumb Code     0  startup_stm32f10x_md.o(.text)
    RTC_IRQHandler                           0x08002537   Thumb Code     0  startup_stm32f10x_md.o(.text)
    SPI1_IRQHandler                          0x08002537   Thumb Code     0  startup_stm32f10x_md.o(.text)
    SPI2_IRQHandler                          0x08002537   Thumb Code     0  startup_stm32f10x_md.o(.text)
    TAMPER_IRQHandler                        0x08002537   Thumb Code     0  startup_stm32f10x_md.o(.text)
    TIM1_BRK_IRQHandler                      0x08002537   Thumb Code     0  startup_stm32f10x_md.o(.text)
    TIM1_CC_IRQHandler                       0x08002537   Thumb Code     0  startup_stm32f10x_md.o(.text)
    TIM1_TRG_COM_IRQHandler                  0x08002537   Thumb Code     0  startup_stm32f10x_md.o(.text)
    TIM1_UP_IRQHandler                       0x08002537   Thumb Code     0  startup_stm32f10x_md.o(.text)
    TIM2_IRQHandler                          0x08002537   Thumb Code     0  startup_stm32f10x_md.o(.text)
    TIM3_IRQHandler                          0x08002537   Thumb Code     0  startup_stm32f10x_md.o(.text)
    TIM4_IRQHandler                          0x08002537   Thumb Code     0  startup_stm32f10x_md.o(.text)
    USART2_IRQHandler                        0x08002537   Thumb Code     0  startup_stm32f10x_md.o(.text)
    USART3_IRQHandler                        0x08002537   Thumb Code     0  startup_stm32f10x_md.o(.text)
    USBWakeUp_IRQHandler                     0x08002537   Thumb Code     0  startup_stm32f10x_md.o(.text)
    USB_HP_CAN1_TX_IRQHandler                0x08002537   Thumb Code     0  startup_stm32f10x_md.o(.text)
    USB_LP_CAN1_RX0_IRQHandler               0x08002537   Thumb Code     0  startup_stm32f10x_md.o(.text)
    WWDG_IRQHandler                          0x08002537   Thumb Code     0  startup_stm32f10x_md.o(.text)
    __aeabi_fadd                             0x08002541   Thumb Code   164  fadd.o(.text)
    __aeabi_fsub                             0x080025e5   Thumb Code     6  fadd.o(.text)
    __aeabi_frsub                            0x080025eb   Thumb Code     6  fadd.o(.text)
    __aeabi_fmul                             0x080025f1   Thumb Code   100  fmul.o(.text)
    __aeabi_fdiv                             0x08002655   Thumb Code   124  fdiv.o(.text)
    __aeabi_ui2f                             0x080026d1   Thumb Code    10  ffltui.o(.text)
    __aeabi_f2iz                             0x080026db   Thumb Code    50  ffixi.o(.text)
    __I$use$fp                               0x0800270d   Thumb Code     0  iusefp.o(.text)
    _float_round                             0x0800270d   Thumb Code    18  fepilogue.o(.text)
    _float_epilogue                          0x0800271f   Thumb Code    92  fepilogue.o(.text)
    __scatterload                            0x0800277d   Thumb Code    28  init.o(.text)
    __scatterload_rt2                        0x0800277d   Thumb Code     0  init.o(.text)
    __scatterload_copy                       0x080027a1   Thumb Code    14  handlers.o(i.__scatterload_copy)
    __scatterload_null                       0x080027af   Thumb Code     2  handlers.o(i.__scatterload_null)
    __scatterload_zeroinit                   0x080027b1   Thumb Code    14  handlers.o(i.__scatterload_zeroinit)
    Region$$Table$$Base                      0x080027c0   Number         0  anon$$obj.o(Region$$Table)
    Region$$Table$$Limit                     0x080027e0   Number         0  anon$$obj.o(Region$$Table)
    SystemCoreClock                          0x20000000   Data           4  system_stm32f10x.o(.data)
    AHBPrescTable                            0x20000004   Data          16  system_stm32f10x.o(.data)
    TX_ADDRESS                               0x20000018   Data          32  spi_nrf.o(.data)
    RX_ADDRESS                               0x20000038   Data          19  spi_nrf.o(.data)
    ADC_ConvertedValue                       0x20000060   Data           2  main.o(.data)
    status                                   0x20000062   Data           1  main.o(.data)
    i                                        0x20000064   Data           4  main.o(.data)
    THr                                      0x20000068   Data           4  main.o(.data)
    status_TR                                0x2000006c   Data           1  main.o(.data)
    thr                                      0x2000006d   Data           4  main.o(.data)
    txbuf                                    0x20000074   Data          32  main.o(.bss)
    rxbuf                                    0x20000094   Data          20  main.o(.bss)
    PID_ROL                                  0x200000a8   Data          12  main.o(.bss)
    PID_PIT                                  0x200000b4   Data          12  main.o(.bss)
    PID_YAW                                  0x200000c0   Data          12  main.o(.bss)
    core_roll                                0x200000cc   Data          12  main.o(.bss)
    core_pitch                               0x200000d8   Data          12  main.o(.bss)
    core_yaw                                 0x200000e4   Data          12  main.o(.bss)
    __initial_sp                             0x200004f0   Data           0  startup_stm32f10x_md.o(STACK)



==============================================================================

Memory Map of the image

  Image Entry point : 0x0800251d

  Load Region LR_1 (Base: 0x08000000, Size: 0x00002854, Max: 0xffffffff, ABSOLUTE)

    Execution Region ER_RO (Base: 0x08000000, Size: 0x000027e0, Max: 0xffffffff, ABSOLUTE)

    Base Addr    Size         Type   Attr      Idx    E Section Name        Object

    0x08000000   0x000000ec   Data   RO          392    RESET               startup_stm32f10x_md.o
    0x080000ec   0x00000000   Code   RO          397  * .ARM.Collect$$$$00000000  mc_w.l(entry.o)
    0x080000ec   0x00000004   Code   RO          410    .ARM.Collect$$$$00000001  mc_w.l(entry2.o)
    0x080000f0   0x00000004   Code   RO          413    .ARM.Collect$$$$00000004  mc_w.l(entry5.o)
    0x080000f4   0x00000000   Code   RO          415    .ARM.Collect$$$$00000008  mc_w.l(entry7b.o)
    0x080000f4   0x00000000   Code   RO          417    .ARM.Collect$$$$0000000A  mc_w.l(entry8b.o)
    0x080000f4   0x00000008   Code   RO          418    .ARM.Collect$$$$0000000B  mc_w.l(entry9a.o)
    0x080000fc   0x00000000   Code   RO          420    .ARM.Collect$$$$0000000D  mc_w.l(entry10a.o)
    0x080000fc   0x00000000   Code   RO          422    .ARM.Collect$$$$0000000F  mc_w.l(entry11a.o)
    0x080000fc   0x00000004   Code   RO          411    .ARM.Collect$$$$00002712  mc_w.l(entry2.o)
    0x08000100   0x000001e0   Code   RO           17    .text               system_stm32f10x.o
    0x080002e0   0x00000070   Code   RO           78    .text               delay.o
    0x08000350   0x00000188   Code   RO          115    .text               usart.o
    0x080004d8   0x0000008c   Code   RO          134    .text               led.o
    0x08000564   0x000003c0   Code   RO          149    .text               spi_nrf.o
    0x08000924   0x00000024   Code   RO          168    .text               key.o
    0x08000948   0x0000011c   Code   RO          183    .text               adc.o
    0x08000a64   0x000000dc   Code   RO          199    .text               misc.o
    0x08000b40   0x0000035c   Code   RO          238    .text               stm32f10x_gpio.o
    0x08000e9c   0x000003a4   Code   RO          262    .text               stm32f10x_rcc.o
    0x08001240   0x00000408   Code   RO          288    .text               stm32f10x_usart.o
    0x08001648   0x0000030c   Code   RO          300    .text               stm32f10x_spi.o
    0x08001954   0x0000044e   Code   RO          312    .text               stm32f10x_adc.o
    0x08001da2   0x00000002   PAD
    0x08001da4   0x00000254   Code   RO          324    .text               stm32f10x_dma.o
    0x08001ff8   0x00000508   Code   RO          336    .text               main.o
    0x08002500   0x0000001a   Code   RO          375    .text               stm32f10x_it.o
    0x0800251a   0x00000002   PAD
    0x0800251c   0x00000024   Code   RO          393  * .text               startup_stm32f10x_md.o
    0x08002540   0x000000b0   Code   RO          400    .text               mf_w.l(fadd.o)
    0x080025f0   0x00000064   Code   RO          402    .text               mf_w.l(fmul.o)
    0x08002654   0x0000007c   Code   RO          404    .text               mf_w.l(fdiv.o)
    0x080026d0   0x0000000a   Code   RO          406    .text               mf_w.l(ffltui.o)
    0x080026da   0x00000032   Code   RO          408    .text               mf_w.l(ffixi.o)
    0x0800270c   0x00000000   Code   RO          424    .text               mc_w.l(iusefp.o)
    0x0800270c   0x0000006e   Code   RO          425    .text               mf_w.l(fepilogue.o)
    0x0800277a   0x00000002   PAD
    0x0800277c   0x00000024   Code   RO          427    .text               mc_w.l(init.o)
    0x080027a0   0x0000000e   Code   RO          431    i.__scatterload_copy  mc_w.l(handlers.o)
    0x080027ae   0x00000002   Code   RO          432    i.__scatterload_null  mc_w.l(handlers.o)
    0x080027b0   0x0000000e   Code   RO          433    i.__scatterload_zeroinit  mc_w.l(handlers.o)
    0x080027be   0x00000002   PAD
    0x080027c0   0x00000020   Data   RO          429    Region$$Table       anon$$obj.o


    Execution Region ER_RW (Base: 0x20000000, Size: 0x00000074, Max: 0xffffffff, ABSOLUTE)

    Base Addr    Size         Type   Attr      Idx    E Section Name        Object

    0x20000000   0x00000014   Data   RW           18    .data               system_stm32f10x.o
    0x20000014   0x00000004   Data   RW           79    .data               delay.o
    0x20000018   0x00000033   Data   RW          151    .data               spi_nrf.o
    0x2000004b   0x00000014   Data   RW          263    .data               stm32f10x_rcc.o
    0x2000005f   0x00000001   PAD
    0x20000060   0x00000011   Data   RW          338    .data               main.o


    Execution Region ER_ZI (Base: 0x20000074, Size: 0x0000047c, Max: 0xffffffff, ABSOLUTE)

    Base Addr    Size         Type   Attr      Idx    E Section Name        Object

    0x20000074   0x0000007c   Zero   RW          337    .bss                main.o
    0x200000f0   0x00000400   Zero   RW          390    STACK               startup_stm32f10x_md.o


==============================================================================

Image component sizes


      Code (inc. data)   RO Data    RW Data    ZI Data      Debug   Object Name

       284         16          0          0          0        788   adc.o
         0          0          0          0          0       4296   core_cm3.o
       112          8          0          4          0     213211   delay.o
        36          4          0          0          0        430   key.o
       140         14          0          0          0        482   led.o
      1288        116          0         17        124       3133   main.o
       220         22          0          0          0       1681   misc.o
       960         28          0         51          0       3944   spi_nrf.o
        36          8        236          0       1024        764   startup_stm32f10x_md.o
      1102         26          0          0          0      10709   stm32f10x_adc.o
       596          8          0          0          0       4206   stm32f10x_dma.o
       860         38          0          0          0       5525   stm32f10x_gpio.o
        26          0          0          0          0       1162   stm32f10x_it.o
       932         36          0         20          0       8644   stm32f10x_rcc.o
       780         14          0          0          0       6406   stm32f10x_spi.o
      1032         22          0          0          0       8248   stm32f10x_usart.o
       480         38          0         20          0      41291   system_stm32f10x.o
       392          8          0          0          0       2612   usart.o

    ----------------------------------------------------------------------
      9280        406        268        116       1148     317532   Object Totals
         0          0         32          0          0          0   (incl. Generated)
         4          0          0          4          0          0   (incl. Padding)

    ----------------------------------------------------------------------

      Code (inc. data)   RO Data    RW Data    ZI Data      Debug   Library Member Name

         0          0          0          0          0          0   entry.o
         0          0          0          0          0          0   entry10a.o
         0          0          0          0          0          0   entry11a.o
         8          4          0          0          0          0   entry2.o
         4          0          0          0          0          0   entry5.o
         0          0          0          0          0          0   entry7b.o
         0          0          0          0          0          0   entry8b.o
         8          4          0          0          0          0   entry9a.o
        30          0          0          0          0          0   handlers.o
        36          8          0          0          0         68   init.o
         0          0          0          0          0          0   iusefp.o
       176          0          0          0          0        140   fadd.o
       124          0          0          0          0         88   fdiv.o
       110          0          0          0          0        168   fepilogue.o
        50          0          0          0          0         68   ffixi.o
        10          0          0          0          0         68   ffltui.o
       100          0          0          0          0         76   fmul.o

    ----------------------------------------------------------------------
       660         16          0          0          0        676   Library Totals
         4          0          0          0          0          0   (incl. Padding)

    ----------------------------------------------------------------------

      Code (inc. data)   RO Data    RW Data    ZI Data      Debug   Library Name

        86         16          0          0          0         68   mc_w.l
       570          0          0          0          0        608   mf_w.l

    ----------------------------------------------------------------------
       660         16          0          0          0        676   Library Totals

    ----------------------------------------------------------------------

==============================================================================


      Code (inc. data)   RO Data    RW Data    ZI Data      Debug   

      9940        422        268        116       1148     316800   Grand Totals
      9940        422        268        116       1148     316800   ELF Image Totals
      9940        422        268        116          0          0   ROM Totals

==============================================================================

    Total RO  Size (Code + RO Data)                10208 (   9.97kB)
    Total RW  Size (RW Data + ZI Data)              1264 (   1.23kB)
    Total ROM Size (Code + RO Data + RW Data)      10324 (  10.08kB)

==============================================================================

